Archive member included because of file (symbol)

libbb/lib.a(appletlib.o)      /usr/local/arm-linux-gcc-3.4.6-glibc-2.3.6/arm-linux/bin/../lib/gcc/arm-linux/3.4.6/../../../../arm-linux/lib/crt1.o (main)
libbb/lib.a(bb_basename.o)    libbb/lib.a(appletlib.o) (bb_basename)
libbb/lib.a(bb_strtonum.o)    libbb/lib.a(appletlib.o) (bb_strtoul)
libbb/lib.a(concat_path_file.o)
                              libbb/lib.a(appletlib.o) (concat_path_file)
libbb/lib.a(default_error_retval.o)
                              libbb/lib.a(appletlib.o) (xfunc_error_retval)
libbb/lib.a(error_msg_and_die.o)
                              libbb/lib.a(appletlib.o) (bb_error_msg_and_die)
libbb/lib.a(full_write.o)     libbb/lib.a(appletlib.o) (full_write)
libbb/lib.a(get_last_path_component.o)
                              libbb/lib.a(appletlib.o) (bb_get_last_path_component_nostrip)
libbb/lib.a(last_char_is.o)   libbb/lib.a(concat_path_file.o) (last_char_is)
libbb/lib.a(messages.o)       libbb/lib.a(appletlib.o) (bb_busybox_exec_path)
libbb/lib.a(perror_msg.o)     libbb/lib.a(appletlib.o) (bb_simple_perror_msg)
libbb/lib.a(perror_msg_and_die.o)
                              libbb/lib.a(appletlib.o) (bb_perror_msg_and_die)
libbb/lib.a(ptr_to_globals.o)
                              libbb/lib.a(appletlib.o) (bb_errno)
libbb/lib.a(safe_write.o)     libbb/lib.a(full_write.o) (safe_write)
libbb/lib.a(skip_whitespace.o)
                              libbb/lib.a(appletlib.o) (skip_whitespace)
libbb/lib.a(verror_msg.o)     libbb/lib.a(error_msg_and_die.o) (bb_verror_msg)
libbb/lib.a(wfopen.o)         libbb/lib.a(appletlib.o) (fopen_for_read)
libbb/lib.a(xfunc_die.o)      libbb/lib.a(appletlib.o) (xfunc_die)
libbb/lib.a(xfuncs.o)         libbb/lib.a(appletlib.o) (get_terminal_width_height)
libbb/lib.a(xfuncs_printf.o)  libbb/lib.a(appletlib.o) (malloc_or_warn)
libbb/lib.a(xreadlink.o)      libbb/lib.a(appletlib.o) (xmalloc_readlink)
libbb/lib.a(copyfd.o)         libbb/lib.a(xfuncs_printf.o) (bb_copyfd_eof)
libbb/lib.a(error_msg.o)      libbb/lib.a(xfuncs_printf.o) (bb_error_msg)
libbb/lib.a(read.o)           libbb/lib.a(copyfd.o) (safe_read)
libbb/lib.a(safe_poll.o)      libbb/lib.a(read.o) (safe_poll)
libpwdgrp/lib.a(pwd_grp.o)    libbb/lib.a(appletlib.o) (bb_internal_getgrgid)
loginutils/lib.a(addgroup.o)  libbb/lib.a(appletlib.o) (addgroup_main)
loginutils/lib.a(adduser.o)   libbb/lib.a(appletlib.o) (adduser_main)
loginutils/lib.a(chpasswd.o)  libbb/lib.a(appletlib.o) (chpasswd_main)
loginutils/lib.a(cryptpw.o)   libbb/lib.a(appletlib.o) (cryptpw_main)
loginutils/lib.a(deluser.o)   libbb/lib.a(appletlib.o) (deluser_main)
loginutils/lib.a(getty.o)     libbb/lib.a(appletlib.o) (getty_main)
loginutils/lib.a(login.o)     libbb/lib.a(appletlib.o) (login_main)
loginutils/lib.a(passwd.o)    libbb/lib.a(appletlib.o) (passwd_main)
loginutils/lib.a(su.o)        libbb/lib.a(appletlib.o) (su_main)
loginutils/lib.a(sulogin.o)   libbb/lib.a(appletlib.o) (sulogin_main)
loginutils/lib.a(vlock.o)     libbb/lib.a(appletlib.o) (vlock_main)
mailutils/lib.a(mime.o)       libbb/lib.a(appletlib.o) (makemime_main)
mailutils/lib.a(popmaildir.o)
                              libbb/lib.a(appletlib.o) (popmaildir_main)
mailutils/lib.a(sendmail.o)   libbb/lib.a(appletlib.o) (sendmail_main)
mailutils/lib.a(mail.o)       mailutils/lib.a(popmaildir.o) (launch_helper)
miscutils/lib.a(adjtimex.o)   libbb/lib.a(appletlib.o) (adjtimex_main)
miscutils/lib.a(chat.o)       libbb/lib.a(appletlib.o) (chat_main)
miscutils/lib.a(chrt.o)       libbb/lib.a(appletlib.o) (chrt_main)
miscutils/lib.a(crond.o)      libbb/lib.a(appletlib.o) (crond_main)
miscutils/lib.a(crontab.o)    libbb/lib.a(appletlib.o) (crontab_main)
miscutils/lib.a(dc.o)         libbb/lib.a(appletlib.o) (dc_main)
miscutils/lib.a(devmem.o)     libbb/lib.a(appletlib.o) (devmem_main)
miscutils/lib.a(eject.o)      libbb/lib.a(appletlib.o) (eject_main)
miscutils/lib.a(fbsplash.o)   libbb/lib.a(appletlib.o) (fbsplash_main)
miscutils/lib.a(hdparm.o)     libbb/lib.a(appletlib.o) (hdparm_main)
miscutils/lib.a(last_fancy.o)
                              libbb/lib.a(appletlib.o) (last_main)
miscutils/lib.a(less.o)       libbb/lib.a(appletlib.o) (less_main)
miscutils/lib.a(makedevs.o)   libbb/lib.a(appletlib.o) (makedevs_main)
miscutils/lib.a(man.o)        libbb/lib.a(appletlib.o) (man_main)
miscutils/lib.a(microcom.o)   libbb/lib.a(appletlib.o) (microcom_main)
miscutils/lib.a(mountpoint.o)
                              libbb/lib.a(appletlib.o) (mountpoint_main)
miscutils/lib.a(mt.o)         libbb/lib.a(appletlib.o) (mt_main)
miscutils/lib.a(raidautorun.o)
                              libbb/lib.a(appletlib.o) (raidautorun_main)
miscutils/lib.a(readahead.o)  libbb/lib.a(appletlib.o) (readahead_main)
miscutils/lib.a(runlevel.o)   libbb/lib.a(appletlib.o) (runlevel_main)
miscutils/lib.a(rx.o)         libbb/lib.a(appletlib.o) (rx_main)
miscutils/lib.a(setsid.o)     libbb/lib.a(appletlib.o) (setsid_main)
[...]
Memory Configuration

Name             Origin             Length             Attributes
*default*        0x00000000         0xffffffff

Linker script and memory map

LOAD /usr/local/arm-linux-gcc-3.4.6-glibc-2.3.6/arm-linux/bin/../lib/gcc/arm-linux/3.4.6/../../../../arm-linux/lib/crt1.o
LOAD /usr/local/arm-linux-gcc-3.4.6-glibc-2.3.6/arm-linux/bin/../lib/gcc/arm-linux/3.4.6/../../../../arm-linux/lib/crti.o
LOAD /usr/local/arm-linux-gcc-3.4.6-glibc-2.3.6/arm-linux/bin/../lib/gcc/arm-linux/3.4.6/crtbegin.o
START GROUP
LOAD applets/built-in.o
LOAD archival/lib.a
LOAD archival/libunarchive/lib.a
LOAD console-tools/lib.a
LOAD coreutils/lib.a
LOAD coreutils/libcoreutils/lib.a
LOAD debianutils/lib.a
LOAD e2fsprogs/lib.a
LOAD editors/lib.a
LOAD findutils/lib.a
LOAD init/lib.a
LOAD libbb/lib.a
LOAD libpwdgrp/lib.a
LOAD loginutils/lib.a
LOAD mailutils/lib.a
LOAD miscutils/lib.a
LOAD modutils/lib.a
LOAD networking/lib.a
LOAD networking/libiproute/lib.a
LOAD networking/udhcp/lib.a
LOAD printutils/lib.a
LOAD procps/lib.a
LOAD runit/lib.a
LOAD selinux/lib.a
LOAD shell/lib.a
LOAD sysklogd/lib.a
LOAD util-linux/lib.a
LOAD util-linux/volume_id/lib.a
LOAD archival/built-in.o
LOAD archival/libunarchive/built-in.o
LOAD console-tools/built-in.o
LOAD coreutils/built-in.o
LOAD coreutils/libcoreutils/built-in.o
LOAD debianutils/built-in.o
LOAD e2fsprogs/built-in.o
LOAD editors/built-in.o
LOAD findutils/built-in.o
LOAD init/built-in.o
LOAD libbb/built-in.o
LOAD libpwdgrp/built-in.o
LOAD loginutils/built-in.o
LOAD mailutils/built-in.o
LOAD miscutils/built-in.o
LOAD modutils/built-in.o
LOAD networking/built-in.o
LOAD networking/libiproute/built-in.o
LOAD networking/udhcp/built-in.o
LOAD printutils/built-in.o
LOAD procps/built-in.o
LOAD runit/built-in.o
LOAD selinux/built-in.o
LOAD shell/built-in.o
LOAD sysklogd/built-in.o
LOAD util-linux/built-in.o
LOAD util-linux/volume_id/built-in.o
END GROUP
START GROUP
LOAD /usr/local/arm-linux-gcc-3.4.6-glibc-2.3.6/arm-linux/bin/../lib/gcc/arm-linux/3.4.6/../../../../arm-linux/lib/libm.so
END GROUP
LOAD /usr/local/arm-linux-gcc-3.4.6-glibc-2.3.6/arm-linux/bin/../lib/gcc/arm-linux/3.4.6/libgcc.a
LOAD /usr/local/arm-linux-gcc-3.4.6-glibc-2.3.6/arm-linux/bin/../lib/gcc/arm-linux/3.4.6/libgcc_eh.a
LOAD /usr/local/arm-linux-gcc-3.4.6-glibc-2.3.6/arm-linux/bin/../lib/gcc/arm-linux/3.4.6/../../../../arm-linux/lib/libc.so
START GROUP
LOAD /usr/local/arm-linux-gcc-3.4.6-glibc-2.3.6/arm-linux/bin/../lib/gcc/arm-linux/3.4.6/../../../../arm-linux/lib/libc.so.6
LOAD /usr/local/arm-linux-gcc-3.4.6-glibc-2.3.6/arm-linux/bin/../lib/gcc/arm-linux/3.4.6/../../../../arm-linux/lib/libc_nonshared.a
END GROUP
LOAD /usr/local/arm-linux-gcc-3.4.6-glibc-2.3.6/arm-linux/bin/../lib/gcc/arm-linux/3.4.6/libgcc.a
LOAD /usr/local/arm-linux-gcc-3.4.6-glibc-2.3.6/arm-linux/bin/../lib/gcc/arm-linux/3.4.6/libgcc_eh.a
LOAD /usr/local/arm-linux-gcc-3.4.6-glibc-2.3.6/arm-linux/bin/../lib/gcc/arm-linux/3.4.6/crtend.o
LOAD /usr/local/arm-linux-gcc-3.4.6-glibc-2.3.6/arm-linux/bin/../lib/gcc/arm-linux/3.4.6/../../../../arm-linux/lib/crtn.o
                0x00008000                PROVIDE (__executable_start, 0x8000)
                0x000080d4                . = (0x8000 + SIZEOF_HEADERS)

.interp         0x000080d4       0x13
 *(SORT(.interp))
 .interp        0x000080d4       0x13 /usr/local/arm-linux-gcc-3.4.6-glibc-2.3.6/arm-linux/bin/../lib/gcc/arm-linux/3.4.6/../../../../arm-linux/lib/crti.o

.hash           0x000080e8      0xa78
 *(SORT(.hash))
 .hash          0x000080e8      0xa78 /usr/local/arm-linux-gcc-3.4.6-glibc-2.3.6/arm-linux/bin/../lib/gcc/arm-linux/3.4.6/../../../../arm-linux/lib/crti.o

.dynsym         0x00008b60     0x1950
 *(SORT(.dynsym))
 .dynsym        0x00008b60     0x1950 /usr/local/arm-linux-gcc-3.4.6-glibc-2.3.6/arm-linux/bin/../lib/gcc/arm-linux/3.4.6/../../../../arm-linux/lib/crti.o

.dynstr         0x0000a4b0      0xd95
 *(SORT(.dynstr))
 .dynstr        0x0000a4b0      0xd95 /usr/local/arm-linux-gcc-3.4.6-glibc-2.3.6/arm-linux/bin/../lib/gcc/arm-linux/3.4.6/../../../../arm-linux/lib/crti.o

.gnu.version    0x0000b246      0x32a
 *(SORT(.gnu.version))
 .gnu.version   0x0000b246      0x32a /usr/local/arm-linux-gcc-3.4.6-glibc-2.3.6/arm-linux/bin/../lib/gcc/arm-linux/3.4.6/../../../../arm-linux/lib/crti.o

.gnu.version_d
 *(SORT(.gnu.version_d))

.gnu.version_r  0x0000b570       0xc0
 *(SORT(.gnu.version_r))
 .gnu.version_r
                0x0000b570       0xc0 /usr/local/arm-linux-gcc-3.4.6-glibc-2.3.6/arm-linux/bin/../lib/gcc/arm-linux/3.4.6/../../../../arm-linux/lib/crti.o

.rel.dyn        0x0000b630       0x70
 *(SORT(.rel.init))
 *(SORT(.rel.text) .rel.text.* .rel.gnu.linkonce.t.*)
 *(SORT(.rel.fini))
 *(SORT(.rel.rodata) .rel.rodata.* .rel.gnu.linkonce.r.*)
 *(SORT(.rel.data.rel.ro*))
 *(SORT(.rel.data) .rel.data.* .rel.gnu.linkonce.d.*)
 *(SORT(.rel.tdata) .rel.tdata.* .rel.gnu.linkonce.td.*)
 *(SORT(.rel.tbss) .rel.tbss.* .rel.gnu.linkonce.tb.*)
 *(SORT(.rel.ctors))
 *(SORT(.rel.dtors))
 *(SORT(.rel.got))
 .rel.got       0x0000b630       0x28 /usr/local/arm-linux-gcc-3.4.6-glibc-2.3.6/arm-linux/bin/../lib/gcc/arm-linux/3.4.6/../../../../arm-linux/lib/crti.o
 *(SORT(.rel.bss) .rel.bss.* .rel.gnu.linkonce.b.*)
 .rel.bss       0x0000b658       0x48 /usr/local/arm-linux-gcc-3.4.6-glibc-2.3.6/arm-linux/bin/../lib/gcc/arm-linux/3.4.6/../../../../arm-linux/lib/crti.o

.rela.dyn
 *(SORT(.rela.init))
 *(SORT(.rela.text) .rela.text.* .rela.gnu.linkonce.t.*)
 *(SORT(.rela.fini))
 *(SORT(.rela.rodata) .rela.rodata.* .rela.gnu.linkonce.r.*)
 *(SORT(.rela.data) .rela.data.* .rela.gnu.linkonce.d.*)
 *(SORT(.rela.tdata) .rela.tdata.* .rela.gnu.linkonce.td.*)
 *(SORT(.rela.tbss) .rela.tbss.* .rela.gnu.linkonce.tb.*)
 *(SORT(.rela.ctors))
 *(SORT(.rela.dtors))
 *(SORT(.rela.got))
 *(SORT(.rela.bss) .rela.bss.* .rela.gnu.linkonce.b.*)

.rel.plt        0x0000b6a0      0xc08
 *(SORT(.rel.plt))
 .rel.plt       0x0000b6a0      0xc08 /usr/local/arm-linux-gcc-3.4.6-glibc-2.3.6/arm-linux/bin/../lib/gcc/arm-linux/3.4.6/../../../../arm-linux/lib/crti.o

.rela.plt
 *(SORT(.rela.plt))

.init           0x0000c2a8       0x14
 *(SORT(.init))
 .init          0x0000c2a8        0x8 /usr/local/arm-linux-gcc-3.4.6-glibc-2.3.6/arm-linux/bin/../lib/gcc/arm-linux/3.4.6/../../../../arm-linux/lib/crti.o
                0x0000c2a8                _init
 .init          0x0000c2b0        0x4 /usr/local/arm-linux-gcc-3.4.6-glibc-2.3.6/arm-linux/bin/../lib/gcc/arm-linux/3.4.6/crtbegin.o
 .init          0x0000c2b4        0x4 /usr/local/arm-linux-gcc-3.4.6-glibc-2.3.6/arm-linux/bin/../lib/gcc/arm-linux/3.4.6/crtend.o
 .init          0x0000c2b8        0x4 /usr/local/arm-linux-gcc-3.4.6-glibc-2.3.6/arm-linux/bin/../lib/gcc/arm-linux/3.4.6/../../../../arm-linux/lib/crtn.o

.plt            0x0000c2bc     0x1220
 *(SORT(.plt))
 .plt           0x0000c2bc     0x1220 /usr/local/arm-linux-gcc-3.4.6-glibc-2.3.6/arm-linux/bin/../lib/gcc/arm-linux/3.4.6/../../../../arm-linux/lib/crti.o
                0x0000c2d0                fileno@@GLIBC_2.0
                0x0000c2dc                getpagesize@@GLIBC_2.0
                0x0000c2e8                fputs@@GLIBC_2.0
                0x0000c2f4                abort@@GLIBC_2.0
                0x0000c300                __errno_location@@GLIBC_2.0
                0x0000c30c                setmntent@@GLIBC_2.0
                0x0000c318                semget@@GLIBC_2.0
                0x0000c324                ether_aton_r@@GLIBC_2.0
                0x0000c330                sigemptyset@@GLIBC_2.0
                0x0000c33c                inet_ntop@@GLIBC_2.0
                0x0000c348                sprintf@@GLIBC_2.0
                0x0000c354                init_module@@GLIBC_2.0
                0x0000c360                popen@@GLIBC_2.1
                0x0000c36c                srand@@GLIBC_2.0
                0x0000c378                setusershell@@GLIBC_2.0
                0x0000c384                basename@@GLIBC_2.0
                0x0000c390                connect@@GLIBC_2.0
                0x0000c39c                isprint@@GLIBC_2.0
                0x0000c3a8                __res_state@@GLIBC_2.2
                0x0000c3b4                clnt_spcreateerror@@GLIBC_2.0
                0x0000c3c0                setgroups@@GLIBC_2.0
                0x0000c3cc                statfs64@@GLIBC_2.1
                0x0000c3d8                getpid@@GLIBC_2.0
                0x0000c3e4                mkdir@@GLIBC_2.0
                0x0000c3f0                isalpha@@GLIBC_2.0
                0x0000c3fc                strerror@@GLIBC_2.0
                0x0000c408                setbuf@@GLIBC_2.0
                0x0000c414                creat64@@GLIBC_2.1
                0x0000c420                getsockname@@GLIBC_2.0
                0x0000c42c                __cxa_atexit@@GLIBC_2.1.3
                0x0000c438                regfree@@GLIBC_2.0
                0x0000c444                setrlimit64@@GLIBC_2.1
                0x0000c450                strcoll@@GLIBC_2.0
                0x0000c45c                sysconf@@GLIBC_2.0
                0x0000c468                memcmp@@GLIBC_2.0
                0x0000c474                qsort@@GLIBC_2.0
                0x0000c480                inet_ntoa@@GLIBC_2.0
                0x0000c48c                freeaddrinfo@@GLIBC_2.0
                0x0000c498                syslog@@GLIBC_2.0
                0x0000c4a4                vprintf@@GLIBC_2.0
                0x0000c4b0                getchar@@GLIBC_2.0
                0x0000c4bc                bsearch@@GLIBC_2.0
                0x0000c4c8                setlinebuf@@GLIBC_2.0
                0x0000c4d4                shutdown@@GLIBC_2.0
                0x0000c4e0                open64@@GLIBC_2.1
                0x0000c4ec                pmap_unset@@GLIBC_2.0
                0x0000c4f8                msgget@@GLIBC_2.0
                0x0000c504                clnttcp_create@@GLIBC_2.0
                0x0000c510                signal@@GLIBC_2.0
                0x0000c51c                cfsetspeed@@GLIBC_2.0
                0x0000c534                ispunct@@GLIBC_2.0
                0x0000c540                realloc@@GLIBC_2.0
                0x0000c54c                strsep@@GLIBC_2.0
                0x0000c558                sched_yield@@GLIBC_2.0
                0x0000c564                pivot_root@@GLIBC_2.2.1
                0x0000c570                sync@@GLIBC_2.0
                0x0000c57c                rewind@@GLIBC_2.0
                0x0000c588                unsetenv@@GLIBC_2.0
                0x0000c594                isspace@@GLIBC_2.0
                0x0000c5a0                __xstat64@@GLIBC_2.2
                0x0000c5ac                vsprintf@@GLIBC_2.0
                0x0000c5b8                localtime@@GLIBC_2.0
                0x0000c5c4                cfgetispeed@@GLIBC_2.0
                0x0000c5d0                clearenv@@GLIBC_2.0
                0x0000c5dc                dirname@@GLIBC_2.0
                0x0000c5e8                strtod@@GLIBC_2.0
                0x0000c5f4                strchr@@GLIBC_2.0
                0x0000c600                vsnprintf@@GLIBC_2.0
                0x0000c60c                recv@@GLIBC_2.0
                0x0000c618                getenv@@GLIBC_2.0
                0x0000c624                strptime@@GLIBC_2.0
                0x0000c630                inet_addr@@GLIBC_2.0
                0x0000c63c                system@@GLIBC_2.0
                0x0000c648                strncpy@@GLIBC_2.0
                0x0000c654                putchar@@GLIBC_2.0
                0x0000c660                shmat@@GLIBC_2.0
                0x0000c66c                swapon@@GLIBC_2.0
                0x0000c678                fchown@@GLIBC_2.0
                0x0000c684                ttyname@@GLIBC_2.0
                0x0000c690                write@@GLIBC_2.0
                0x0000c69c                tzset@@GLIBC_2.0
                0x0000c6a8                sendto@@GLIBC_2.0
                0x0000c6b4                semop@@GLIBC_2.0
                0x0000c6c0                pow@@GLIBC_2.0
                0x0000c6cc                listen@@GLIBC_2.0
                0x0000c6d8                toupper@@GLIBC_2.0
                0x0000c6e4                sendmsg@@GLIBC_2.0
                0x0000c6f0                fgets@@GLIBC_2.0
                0x0000c6fc                rename@@GLIBC_2.0
                0x0000c708                regexec@@GLIBC_2.3.4
                0x0000c714                getlogin@@GLIBC_2.0
                0x0000c720                sched_setscheduler@@GLIBC_2.0
                0x0000c72c                memset@@GLIBC_2.0
                0x0000c738                fopen64@@GLIBC_2.1
                0x0000c744                isxdigit@@GLIBC_2.0
                0x0000c750                setsid@@GLIBC_2.0
                0x0000c75c                sched_getscheduler@@GLIBC_2.0
                0x0000c768                sched_get_priority_max@@GLIBC_2.0
                0x0000c774                __libc_start_main@@GLIBC_2.0
                0x0000c780                umount2@@GLIBC_2.1
                0x0000c78c                mempcpy@@GLIBC_2.1
                0x0000c798                clnt_sperror@@GLIBC_2.0
                0x0000c7a4                execl@@GLIBC_2.0
                0x0000c7b0                _IO_getc@@GLIBC_2.0
                0x0000c7bc                wait@@GLIBC_2.0
                0x0000c7c8                _exit@@GLIBC_2.0
                0x0000c7d4                if_nametoindex@@GLIBC_2.1
                0x0000c7e0                strrchr@@GLIBC_2.0
                0x0000c7ec                mount@@GLIBC_2.0
                0x0000c7f8                uname@@GLIBC_2.0
                0x0000c804                tcgetattr@@GLIBC_2.0
                0x0000c810                chmod@@GLIBC_2.0
                0x0000c81c                xdr_int@@GLIBC_2.0
                0x0000c828                iscntrl@@GLIBC_2.0
                0x0000c834                getopt_long_only@@GLIBC_2.0
                0x0000c840                read@@GLIBC_2.0
                0x0000c84c                authunix_create_default@@GLIBC_2.0
                0x0000c858                tcdrain@@GLIBC_2.0
                0x0000c864                strtoll@@GLIBC_2.0
                0x0000c870                umount@@GLIBC_2.0
                0x0000c87c                perror@@GLIBC_2.0
                0x0000c888                exp@@GLIBC_2.0
                0x0000c894                cfmakeraw@@GLIBC_2.0
                0x0000c8a0                ungetc@@GLIBC_2.0
                0x0000c8ac                usleep@@GLIBC_2.0
                0x0000c8b8                swapoff@@GLIBC_2.0
                0x0000c8c4                xdr_opaque@@GLIBC_2.0
                0x0000c8d0                gettimeofday@@GLIBC_2.0
                0x0000c8dc                strtol@@GLIBC_2.0
                0x0000c8e8                fdopen@@GLIBC_2.1
                0x0000c8f4                tcsetpgrp@@GLIBC_2.0
                0x0000c900                getservbyport@@GLIBC_2.0
                0x0000c90c                __ctype_toupper_loc@@GLIBC_2.3
                0x0000c918                hstrerror@@GLIBC_2.0
                0x0000c924                free@@GLIBC_2.0
                0x0000c930                pmap_set@@GLIBC_2.0
                0x0000c93c                strtoull@@GLIBC_2.0
                0x0000c948                siglongjmp@@GLIBC_2.0
                0x0000c954                inet_pton@@GLIBC_2.0
                0x0000c960                shmctl@@GLIBC_2.2
                0x0000c96c                __xmknod@@GLIBC_2.0
                0x0000c978                __lxstat64@@GLIBC_2.2
                0x0000c984                setresuid@@GLIBC_2.0
                0x0000c990                execle@@GLIBC_2.0
                0x0000c99c                bindresvport@@GLIBC_2.0
                0x0000c9a8                openlog@@GLIBC_2.0
                0x0000c9b4                ether_aton@@GLIBC_2.0
                0x0000c9c0                setpgid@@GLIBC_2.0
                0x0000c9cc                scanf@@GLIBC_2.0
                0x0000c9d8                shmdt@@GLIBC_2.0
                0x0000c9e4                access@@GLIBC_2.0
                0x0000c9f0                ether_ntoa@@GLIBC_2.0
                0x0000c9fc                semctl@@GLIBC_2.2
                0x0000ca08                gethostid@@GLIBC_2.0
                0x0000ca14                setresgid@@GLIBC_2.0
                0x0000ca20                sigaction@@GLIBC_2.0
                0x0000ca2c                setpriority@@GLIBC_2.0
                0x0000ca38                fflush@@GLIBC_2.0
                0x0000ca44                sqrt@@GLIBC_2.0
                0x0000ca50                regcomp@@GLIBC_2.0
                0x0000ca5c                opendir@@GLIBC_2.0
                0x0000ca68                getopt_long@@GLIBC_2.0
                0x0000ca74                accept@@GLIBC_2.0
                0x0000ca80                tcflush@@GLIBC_2.0
                0x0000ca8c                symlink@@GLIBC_2.0
                0x0000ca98                ioctl@@GLIBC_2.0
                0x0000caa4                socket@@GLIBC_2.0
                0x0000cab0                dup2@@GLIBC_2.0
                0x0000cabc                fseek@@GLIBC_2.0
                0x0000cac8                inet_aton@@GLIBC_2.0
                0x0000cad4                vsyslog@@GLIBC_2.0
                0x0000cae0                getpriority@@GLIBC_2.0
                0x0000caec                execlp@@GLIBC_2.0
                0x0000caf8                isatty@@GLIBC_2.0
                0x0000cb04                isblank@@GLIBC_2.0
                0x0000cb10                realpath@@GLIBC_2.3
                0x0000cb1c                strsignal@@GLIBC_2.0
                0x0000cb28                vfork@@GLIBC_2.0
                0x0000cb34                getaddrinfo@@GLIBC_2.0
                0x0000cb40                umask@@GLIBC_2.0
                0x0000cb4c                fclose@@GLIBC_2.1
                0x0000cb58                ftello64@@GLIBC_2.1
                0x0000cb64                sethostname@@GLIBC_2.0
                0x0000cb70                setuid@@GLIBC_2.0
                0x0000cb7c                dup@@GLIBC_2.0
                0x0000cb88                dprintf@@GLIBC_2.0
                0x0000cb94                _setjmp@@GLIBC_2.0
                0x0000cba0                tcgetpgrp@@GLIBC_2.0
                0x0000cbac                mktime@@GLIBC_2.0
                0x0000cbb8                fsync@@GLIBC_2.0
                0x0000cbc4                readdir64@@GLIBC_2.2
                0x0000cbd0                getopt@@GLIBC_2.0
                0x0000cbdc                xdr_enum@@GLIBC_2.0
                0x0000cbe8                nanosleep@@GLIBC_2.0
                0x0000cbf4                clntudp_create@@GLIBC_2.0
                0x0000cc00                memcpy@@GLIBC_2.0
                0x0000cc0c                cfsetospeed@@GLIBC_2.0
                0x0000cc18                utime@@GLIBC_2.0
                0x0000cc24                execv@@GLIBC_2.0
                0x0000cc30                reboot@@GLIBC_2.0
                0x0000cc3c                strtoul@@GLIBC_2.0
                0x0000cc48                execvp@@GLIBC_2.0
                0x0000cc54                strlen@@GLIBC_2.0
                0x0000cc60                cos@@GLIBC_2.0
                0x0000cc6c                alarm@@GLIBC_2.0
                0x0000cc78                mkdtemp@@GLIBC_2.2
                0x0000cc84                unlink@@GLIBC_2.0
                0x0000cc90                nice@@GLIBC_2.0
                0x0000cc9c                klogctl@@GLIBC_2.0
                0x0000cca8                sched_getparam@@GLIBC_2.0
                0x0000ccb4                asprintf@@GLIBC_2.0
                0x0000ccc0                getppid@@GLIBC_2.0
                0x0000cccc                setlocale@@GLIBC_2.0
                0x0000ccd8                waitpid@@GLIBC_2.0
                0x0000cce4                clearerr@@GLIBC_2.0
                0x0000ccf0                __h_errno_location@@GLIBC_2.0
                0x0000ccfc                fgetc@@GLIBC_2.0
                0x0000cd08                stime@@GLIBC_2.0
                0x0000cd14                feof@@GLIBC_2.0
                0x0000cd20                chroot@@GLIBC_2.0
                0x0000cd2c                strcpy@@GLIBC_2.0
                0x0000cd38                getegid@@GLIBC_2.0
                0x0000cd44                longjmp@@GLIBC_2.0
                0x0000cd50                isascii@@GLIBC_2.0
                0x0000cd5c                printf@@GLIBC_2.0
                0x0000cd68                pmap_getmaps@@GLIBC_2.0
                0x0000cd74                killpg@@GLIBC_2.0
                0x0000cd80                mkfifo@@GLIBC_2.0
                0x0000cd8c                chdir@@GLIBC_2.0
                0x0000cd98                ctime@@GLIBC_2.0
                0x0000cda4                div@@GLIBC_2.0
                0x0000cdb0                bind@@GLIBC_2.0
                0x0000cdbc                getuid@@GLIBC_2.0
                0x0000cdc8                raise@@GLIBC_2.0
                0x0000cdd4                gethostbyaddr@@GLIBC_2.0
                0x0000cde0                atoi@@GLIBC_2.0
                0x0000cdec                putenv@@GLIBC_2.0
                0x0000cdf8                wait3@@GLIBC_2.0
                0x0000ce04                xdr_bytes@@GLIBC_2.0
                0x0000ce10                strcasecmp@@GLIBC_2.0
                0x0000ce1c                atof@@GLIBC_2.0
                0x0000ce28                mkstemp64@@GLIBC_2.2
                0x0000ce34                getutent@@GLIBC_2.0
                0x0000ce40                regerror@@GLIBC_2.0
                0x0000ce4c                select@@GLIBC_2.0
                0x0000ce58                getmntent_r@@GLIBC_2.0
                0x0000ce64                closedir@@GLIBC_2.0
                0x0000ce70                close@@GLIBC_2.0
                0x0000ce7c                fwrite@@GLIBC_2.0
                0x0000ce88                xdr_string@@GLIBC_2.0
                0x0000ce94                isalnum@@GLIBC_2.0
                0x0000cea0                fprintf@@GLIBC_2.0
                0x0000ceac                strstr@@GLIBC_2.0
                0x0000ceb8                time@@GLIBC_2.0
                0x0000cec4                getrpcbyname@@GLIBC_2.0
                0x0000ced0                globfree64@@GLIBC_2.1
                0x0000cedc                setvbuf@@GLIBC_2.0
                0x0000cee8                strncat@@GLIBC_2.0
                0x0000cef4                execve@@GLIBC_2.0
                0x0000cf00                ftruncate64@@GLIBC_2.1
                0x0000cf0c                malloc@@GLIBC_2.0
                0x0000cf18                sigprocmask@@GLIBC_2.0
                0x0000cf24                endmntent@@GLIBC_2.0
                0x0000cf30                isupper@@GLIBC_2.0
                0x0000cf3c                getlogin_r@@GLIBC_2.0
                0x0000cf48                isgraph@@GLIBC_2.0
                0x0000cf54                __cmsg_nxthdr@@GLIBC_2.0
                0x0000cf60                sched_get_priority_min@@GLIBC_2.0
                0x0000cf6c                if_indextoname@@GLIBC_2.1
                0x0000cf78                getmntent@@GLIBC_2.0
                0x0000cf84                msgctl@@GLIBC_2.2
                0x0000cf90                munlock@@GLIBC_2.0
                0x0000cf9c                getpgid@@GLIBC_2.0
                0x0000cfa8                atan2@@GLIBC_2.0
                0x0000cfb4                fputc@@GLIBC_2.0
                0x0000cfc0                memrchr@@GLIBC_2.2
                0x0000cfcc                xdr_u_int@@GLIBC_2.0
                0x0000cfd8                rmdir@@GLIBC_2.0
                0x0000cfe4                strtok@@GLIBC_2.0
                0x0000cff0                strnlen@@GLIBC_2.0
                0x0000cffc                strcasestr@@GLIBC_2.1
                0x0000d008                readahead@@GLIBC_2.3
                0x0000d014                poll@@GLIBC_2.0
                0x0000d020                sleep@@GLIBC_2.0
                0x0000d02c                sigaddset@@GLIBC_2.0
                0x0000d038                readlink@@GLIBC_2.0
                0x0000d044                strncasecmp@@GLIBC_2.0
                0x0000d050                memmove@@GLIBC_2.0
                0x0000d05c                cfgetospeed@@GLIBC_2.0
                0x0000d068                endutent@@GLIBC_2.0
                0x0000d074                __ctype_tolower_loc@@GLIBC_2.3
                0x0000d080                getnameinfo@@GLIBC_2.1
                0x0000d08c                strcat@@GLIBC_2.0
                0x0000d098                pause@@GLIBC_2.0
                0x0000d0a4                send@@GLIBC_2.0
                0x0000d0b0                getcwd@@GLIBC_2.0
                0x0000d0bc                sigfillset@@GLIBC_2.0
                0x0000d0c8                ether_hostton@@GLIBC_2.0
                0x0000d0d4                ptsname_r@@GLIBC_2.1
                0x0000d0e0                vasprintf@@GLIBC_2.0
                0x0000d0ec                settimeofday@@GLIBC_2.0
                0x0000d0f8                log@@GLIBC_2.0
                0x0000d104                puts@@GLIBC_2.0
                0x0000d110                recvmsg@@GLIBC_2.0
                0x0000d11c                fork@@GLIBC_2.0
                0x0000d128                utmpname@@GLIBC_2.0
                0x0000d134                setpgrp@@GLIBC_2.0
                0x0000d140                __fxstat64@@GLIBC_2.2
                0x0000d14c                setsockopt@@GLIBC_2.0
                0x0000d158                pmap_getport@@GLIBC_2.0
                0x0000d164                tcsetattr@@GLIBC_2.0
                0x0000d170                fcntl@@GLIBC_2.0
                0x0000d17c                updwtmp@@GLIBC_2.0
                0x0000d188                getrlimit64@@GLIBC_2.2
                0x0000d194                flock@@GLIBC_2.0
                0x0000d1a0                rand@@GLIBC_2.0
                0x0000d1ac                strspn@@GLIBC_2.0
                0x0000d1b8                delete_module@@GLIBC_2.0
                0x0000d1c4                sscanf@@GLIBC_2.0
                0x0000d1d0                gmtime@@GLIBC_2.0
                0x0000d1dc                getusershell@@GLIBC_2.0
                0x0000d1e8                fscanf@@GLIBC_2.0
                0x0000d1f4                getgroups@@GLIBC_2.0
                0x0000d200                memchr@@GLIBC_2.0
                0x0000d20c                sendfile64@@GLIBC_2.3
                0x0000d218                fnmatch@@GLIBC_2.2.3
                0x0000d224                strncmp@@GLIBC_2.0
                0x0000d230                lchown@@GLIBC_2.0
                0x0000d23c                setutent@@GLIBC_2.0
                0x0000d248                vfprintf@@GLIBC_2.0
                0x0000d254                unlockpt@@GLIBC_2.1
                0x0000d260                link@@GLIBC_2.0
                0x0000d26c                personality@@GLIBC_2.0
                0x0000d278                _IO_putc@@GLIBC_2.0
                0x0000d284                mlock@@GLIBC_2.0
                0x0000d290                strpbrk@@GLIBC_2.0
                0x0000d29c                xdr_array@@GLIBC_2.0
                0x0000d2a8                pipe@@GLIBC_2.0
                0x0000d2b4                fchdir@@GLIBC_2.0
                0x0000d2c0                fread@@GLIBC_2.0
                0x0000d2cc                getsockopt@@GLIBC_2.0
                0x0000d2d8                closelog@@GLIBC_2.0
                0x0000d2e4                strftime@@GLIBC_2.0
                0x0000d2f0                setgid@@GLIBC_2.0
                0x0000d2fc                snprintf@@GLIBC_2.0
                0x0000d308                kill@@GLIBC_2.0
                0x0000d314                __res_init@@GLIBC_2.2
                0x0000d320                mmap64@@GLIBC_2.1
                0x0000d32c                times@@GLIBC_2.0
                0x0000d338                strchrnul@@GLIBC_2.1.1
                0x0000d344                strcspn@@GLIBC_2.0
                0x0000d350                grantpt@@GLIBC_2.1
                0x0000d35c                sin@@GLIBC_2.0
                0x0000d368                strdup@@GLIBC_2.0
                0x0000d374                getpeername@@GLIBC_2.0
                0x0000d380                gethostbyname@@GLIBC_2.0
                0x0000d38c                glob64@@GLIBC_2.2
                0x0000d398                chown@@GLIBC_2.0
                0x0000d3a4                tcsendbreak@@GLIBC_2.0
                0x0000d3b0                recvfrom@@GLIBC_2.0
                0x0000d3bc                ferror@@GLIBC_2.0
                0x0000d3c8                sysinfo@@GLIBC_2.0
                0x0000d3d4                tolower@@GLIBC_2.0
                0x0000d3e0                lseek64@@GLIBC_2.1
                0x0000d3ec                endusershell@@GLIBC_2.0
                0x0000d3f8                strcmp@@GLIBC_2.0
                0x0000d404                __sigsetjmp@@GLIBC_2.0
                0x0000d410                getservbyname@@GLIBC_2.0
                0x0000d41c                adjtimex@@GLIBC_2.0
                0x0000d428                setenv@@GLIBC_2.0
                0x0000d434                exit@@GLIBC_2.0
                0x0000d440                cfsetispeed@@GLIBC_2.0
                0x0000d44c                difftime@@GLIBC_2.0
                0x0000d458                fchmod@@GLIBC_2.0
                0x0000d464                pclose@@GLIBC_2.1
                0x0000d470                islower@@GLIBC_2.0
                0x0000d47c                sigsuspend@@GLIBC_2.0
                0x0000d488                freopen64@@GLIBC_2.1
                0x0000d494                getpgrp@@GLIBC_2.0
                0x0000d4a0                getgid@@GLIBC_2.0
                0x0000d4ac                shmget@@GLIBC_2.0
                0x0000d4b8                getsid@@GLIBC_2.0
                0x0000d4c4                pututline@@GLIBC_2.0
                0x0000d4d0                geteuid@@GLIBC_2.0

.text           0x0000d4dc    0xa3c04
 *(SORT(.text) .stub .text.* .gnu.linkonce.t.*)
 .text          0x0000d4dc       0x38 /usr/local/arm-linux-gcc-3.4.6-glibc-2.3.6/arm-linux/bin/../lib/gcc/arm-linux/3.4.6/../../../../arm-linux/lib/crt1.o
                0x0000d4dc                _start
 .text          0x0000d514       0x30 /usr/local/arm-linux-gcc-3.4.6-glibc-2.3.6/arm-linux/bin/../lib/gcc/arm-linux/3.4.6/../../../../arm-linux/lib/crti.o
 .text          0x0000d544       0x8c /usr/local/arm-linux-gcc-3.4.6-glibc-2.3.6/arm-linux/bin/../lib/gcc/arm-linux/3.4.6/crtbegin.o
 .text.full_write2_str
                0x0000d5d0       0x20 libbb/lib.a(appletlib.o)
 .text.applet_name_compare
                0x0000d5f0       0x38 libbb/lib.a(appletlib.o)
 .text.find_applet_by_name
                0x0000d628       0x48 libbb/lib.a(appletlib.o)
                0x0000d628                find_applet_by_name
 .text.bb_show_usage
                0x0000d670       0xf4 libbb/lib.a(appletlib.o)
                0x0000d670                bb_show_usage
 .text.lbb_prepare
                0x0000d764       0x44 libbb/lib.a(appletlib.o)
                0x0000d764                lbb_prepare
 .text.get_trimmed_slice
                0x0000d7a8       0x44 libbb/lib.a(appletlib.o)
 .text.run_applet_no_and_exit
                0x0000d7ec      0x258 libbb/lib.a(appletlib.o)
                0x0000d7ec                run_applet_no_and_exit
 .text.run_applet_and_exit
                0x0000da44      0x2c0 libbb/lib.a(appletlib.o)
                0x0000da44                run_applet_and_exit
 .text.main     0x0000dd04      0x42c libbb/lib.a(appletlib.o)
                0x0000dd04                main
 .text.bb_basename
                0x0000e130       0x20 libbb/lib.a(bb_basename.o)
                0x0000e130                bb_basename
 .text.ret_ERANGE
                0x0000e150       0x20 libbb/lib.a(bb_strtonum.o)
 .text.handle_errors
                0x0000e170       0x60 libbb/lib.a(bb_strtonum.o)
 .text.bb_strtoull
                0x0000e1d0       0x64 libbb/lib.a(bb_strtonum.o)
                0x0000e1d0                bb_strtoull
 .text.bb_strtoul
                0x0000e234       0x68 libbb/lib.a(bb_strtonum.o)
                0x0000e234                bb_strtoul
 .text.bb_strtol
                0x0000e29c       0x74 libbb/lib.a(bb_strtonum.o)
                0x0000e29c                bb_strtol
 .text.concat_path_file
                0x0000e310       0x64 libbb/lib.a(concat_path_file.o)
                0x0000e310                concat_path_file
 .text.bb_error_msg_and_die
                0x0000e374       0x1c libbb/lib.a(error_msg_and_die.o)
                0x0000e374                bb_error_msg_and_die
 .text.full_write
                0x0000e390       0x54 libbb/lib.a(full_write.o)
                0x0000e390                full_write
 .text.bb_get_last_path_component_nostrip
                0x0000e3e4       0x3c libbb/lib.a(get_last_path_component.o)
                0x0000e3e4                bb_get_last_path_component_nostrip
 .text.bb_get_last_path_component_strip
                0x0000e420       0x50 libbb/lib.a(get_last_path_component.o)
                0x0000e420                bb_get_last_path_component_strip
 .text.last_char_is
                0x0000e470       0x3c libbb/lib.a(last_char_is.o)
                0x0000e470                last_char_is
 .text.bb_perror_msg
                0x0000e4ac       0x44 libbb/lib.a(perror_msg.o)
                0x0000e4ac                bb_perror_msg
 .text.bb_simple_perror_msg
                0x0000e4f0       0x10 libbb/lib.a(perror_msg.o)
                0x0000e4f0                bb_simple_perror_msg
 .text.bb_perror_msg_and_die
                0x0000e500       0x34 libbb/lib.a(perror_msg_and_die.o)
                0x0000e500                bb_perror_msg_and_die
 .text.bb_simple_perror_msg_and_die
                0x0000e534       0x10 libbb/lib.a(perror_msg_and_die.o)
                0x0000e534                bb_simple_perror_msg_and_die
 .text.safe_write
                0x0000e544       0x44 libbb/lib.a(safe_write.o)
                0x0000e544                safe_write
 .text.skip_whitespace
                0x0000e588       0x28 libbb/lib.a(skip_whitespace.o)
                0x0000e588                skip_whitespace
 .text.skip_non_whitespace
                0x0000e5b0       0x30 libbb/lib.a(skip_whitespace.o)
                0x0000e5b0                skip_non_whitespace
 .text.bb_verror_msg
                0x0000e5e0      0x1a4 libbb/lib.a(verror_msg.o)
                0x0000e5e0                bb_verror_msg
 .text.fopen_or_warn
                0x0000e784       0x34 libbb/lib.a(wfopen.o)
                0x0000e784                fopen_or_warn
 .text.fopen_for_read
                0x0000e7b8        0xc libbb/lib.a(wfopen.o)
                0x0000e7b8                fopen_for_read
 .text.xfopen_for_read
                0x0000e7c4        0xc libbb/lib.a(wfopen.o)
                0x0000e7c4                xfopen_for_read
 .text.fopen_for_write
                0x0000e7d0        0xc libbb/lib.a(wfopen.o)
                0x0000e7d0                fopen_for_write
 .text.xfopen_for_write
                0x0000e7dc        0xc libbb/lib.a(wfopen.o)
                0x0000e7dc                xfopen_for_write
 .text.xfunc_die
                0x0000e7e8       0x54 libbb/lib.a(xfunc_die.o)
                0x0000e7e8                xfunc_die
 .text.ndelay_on
                0x0000e83c       0x24 libbb/lib.a(xfuncs.o)
                0x0000e83c                ndelay_on
 .text.ndelay_off
                0x0000e860       0x24 libbb/lib.a(xfuncs.o)
                0x0000e860                ndelay_off
 .text.close_on_exec_on
                0x0000e884        0xc libbb/lib.a(xfuncs.o)
                0x0000e884                close_on_exec_on
 .text.smart_ulltoa4
                0x0000e890      0x1a0 libbb/lib.a(xfuncs.o)
                0x0000e890                smart_ulltoa4
 .text.smart_ulltoa5
                0x0000ea30      0x214 libbb/lib.a(xfuncs.o)
                0x0000ea30                smart_ulltoa5
 .text.utoa_to_buf
                0x0000ec44       0x84 libbb/lib.a(xfuncs.o)
                0x0000ec44                utoa_to_buf
 .text.itoa_to_buf
                0x0000ecc8       0x28 libbb/lib.a(xfuncs.o)
                0x0000ecc8                itoa_to_buf
 .text.utoa     0x0000ecf0       0x28 libbb/lib.a(xfuncs.o)
                0x0000ecf0                utoa
 .text.itoa     0x0000ed18       0x28 libbb/lib.a(xfuncs.o)
                0x0000ed18                itoa
 .text.bin2hex  0x0000ed40       0x44 libbb/lib.a(xfuncs.o)
                0x0000ed40                bin2hex
 .text.get_terminal_width_height
                0x0000ed84      0x13c libbb/lib.a(xfuncs.o)
                0x0000ed84                get_terminal_width_height
 .text.tcsetattr_stdin_TCSANOW
                0x0000eec0       0x10 libbb/lib.a(xfuncs.o)
                0x0000eec0                tcsetattr_stdin_TCSANOW
 .text.malloc_or_warn
                0x0000eed0       0x38 libbb/lib.a(xfuncs_printf.o)
                0x0000eed0                malloc_or_warn
 .text.xmalloc  0x0000ef08       0x30 libbb/lib.a(xfuncs_printf.o)
                0x0000ef08                xmalloc
 .text.xrealloc
                0x0000ef38       0x30 libbb/lib.a(xfuncs_printf.o)
                0x0000ef38                xrealloc
 .text.xzalloc  0x0000ef68       0x24 libbb/lib.a(xfuncs_printf.o)
                0x0000ef68                xzalloc
 .text.xstrdup  0x0000ef8c       0x2c libbb/lib.a(xfuncs_printf.o)
                0x0000ef8c                xstrdup
 .text.xstrndup
                0x0000efb8       0x58 libbb/lib.a(xfuncs_printf.o)
                0x0000efb8                xstrndup
 .text.xfopen   0x0000f010       0x24 libbb/lib.a(xfuncs_printf.o)
                0x0000f010                xfopen
 .text.xopen3   0x0000f034       0x24 libbb/lib.a(xfuncs_printf.o)
                0x0000f034                xopen3
 .text.xopen    0x0000f058        0xc libbb/lib.a(xfuncs_printf.o)
                0x0000f058                xopen
 .text.open3_or_warn
                0x0000f064       0x28 libbb/lib.a(xfuncs_printf.o)
                0x0000f064                open3_or_warn
 .text.open_or_warn
                0x0000f08c        0xc libbb/lib.a(xfuncs_printf.o)
                0x0000f08c                open_or_warn
 .text.xunlink  0x0000f098       0x24 libbb/lib.a(xfuncs_printf.o)
                0x0000f098                xunlink
 .text.xrename  0x0000f0bc       0x2c libbb/lib.a(xfuncs_printf.o)
                0x0000f0bc                xrename
 .text.rename_or_warn
                0x0000f0e8       0x30 libbb/lib.a(xfuncs_printf.o)
                0x0000f0e8                rename_or_warn
 .text.xpipe    0x0000f118       0x1c libbb/lib.a(xfuncs_printf.o)
                0x0000f118                xpipe
 .text.xdup2    0x0000f134       0x20 libbb/lib.a(xfuncs_printf.o)
                0x0000f134                xdup2
 .text.xmove_fd
                0x0000f154       0x20 libbb/lib.a(xfuncs_printf.o)
                0x0000f154                xmove_fd
 .text.xwrite   0x0000f174       0x24 libbb/lib.a(xfuncs_printf.o)
                0x0000f174                xwrite
 .text.xlseek   0x0000f198       0x48 libbb/lib.a(xfuncs_printf.o)
                0x0000f198                xlseek
 .text.die_if_ferror
                0x0000f1e0       0x24 libbb/lib.a(xfuncs_printf.o)
                0x0000f1e0                die_if_ferror
 .text.die_if_ferror_stdout
                0x0000f204       0x18 libbb/lib.a(xfuncs_printf.o)
                0x0000f204                die_if_ferror_stdout
 .text.xfflush_stdout
                0x0000f21c       0x28 libbb/lib.a(xfuncs_printf.o)
                0x0000f21c                xfflush_stdout
 .text.bb_putchar
                0x0000f244       0x10 libbb/lib.a(xfuncs_printf.o)
                0x0000f244                bb_putchar
 .text.xprint_and_close_file
                0x0000f254       0x4c libbb/lib.a(xfuncs_printf.o)
                0x0000f254                xprint_and_close_file
 .text.xasprintf
                0x0000f2a0       0x40 libbb/lib.a(xfuncs_printf.o)
                0x0000f2a0                xasprintf
 .text.xsetenv  0x0000f2e0       0x20 libbb/lib.a(xfuncs_printf.o)
                0x0000f2e0                xsetenv
 .text.xsetgid  0x0000f300       0x1c libbb/lib.a(xfuncs_printf.o)
                0x0000f300                xsetgid
 .text.xsetuid  0x0000f31c       0x1c libbb/lib.a(xfuncs_printf.o)
                0x0000f31c                xsetuid
 .text.xchdir   0x0000f338       0x24 libbb/lib.a(xfuncs_printf.o)
                0x0000f338                xchdir
 .text.xchroot  0x0000f35c       0x24 libbb/lib.a(xfuncs_printf.o)
                0x0000f35c                xchroot
 .text.warn_opendir
                0x0000f380       0x28 libbb/lib.a(xfuncs_printf.o)
                0x0000f380                warn_opendir
 .text.xopendir
                0x0000f3a8       0x24 libbb/lib.a(xfuncs_printf.o)
                0x0000f3a8                xopendir
 .text.xsocket  0x0000f3cc       0x1c libbb/lib.a(xfuncs_printf.o)
                0x0000f3cc                xsocket
 .text.xbind    0x0000f3e8       0x1c libbb/lib.a(xfuncs_printf.o)
                0x0000f3e8                xbind
 .text.xlisten  0x0000f404       0x1c libbb/lib.a(xfuncs_printf.o)
                0x0000f404                xlisten
 .text.xsendto  0x0000f420       0x34 libbb/lib.a(xfuncs_printf.o)
                0x0000f420                xsendto
 .text.xstat    0x0000f454       0x30 libbb/lib.a(xfuncs_printf.o)
                0x0000f454                xstat
 .text.ioctl_or_perror_and_die
                0x0000f484       0x48 libbb/lib.a(xfuncs_printf.o)
                0x0000f484                ioctl_or_perror_and_die
 .text.ioctl_or_perror
                0x0000f4cc       0x48 libbb/lib.a(xfuncs_printf.o)
                0x0000f4cc                ioctl_or_perror
 .text.bb_ioctl_or_warn
                0x0000f514       0x20 libbb/lib.a(xfuncs_printf.o)
                0x0000f514                bb_ioctl_or_warn
 .text.bb_xioctl
                0x0000f534       0x1c libbb/lib.a(xfuncs_printf.o)
                0x0000f534                bb_xioctl
 .text.xmalloc_readlink
                0x0000f550       0x68 libbb/lib.a(xreadlink.o)
                0x0000f550                xmalloc_readlink
 .text.xmalloc_follow_symlinks
                0x0000f5b8       0xbc libbb/lib.a(xreadlink.o)
                0x0000f5b8                xmalloc_follow_symlinks
 .text.xmalloc_readlink_or_warn
                0x0000f674       0x28 libbb/lib.a(xreadlink.o)
                0x0000f674                xmalloc_readlink_or_warn
 .text.bb_full_fd_action
                0x0000f69c      0x104 libbb/lib.a(copyfd.o)
 .text.bb_copyfd_size
                0x0000f7a0       0x18 libbb/lib.a(copyfd.o)
                0x0000f7a0                bb_copyfd_size
 .text.bb_copyfd_exact_size
                0x0000f7b8       0x40 libbb/lib.a(copyfd.o)
                0x0000f7b8                bb_copyfd_exact_size
 .text.bb_copyfd_eof
                0x0000f7f8        0xc libbb/lib.a(copyfd.o)
                0x0000f7f8                bb_copyfd_eof
 .text.bb_error_msg
                0x0000f804       0x24 libbb/lib.a(error_msg.o)
                0x0000f804                bb_error_msg
 .text.safe_read
                0x0000f828       0x44 libbb/lib.a(read.o)
                0x0000f828                safe_read
 .text.nonblock_safe_read
                0x0000f86c       0x78 libbb/lib.a(read.o)
                0x0000f86c                nonblock_safe_read
 .text.full_read
                0x0000f8e4       0x58 libbb/lib.a(read.o)
                0x0000f8e4                full_read
 .text.xread    0x0000f93c       0x24 libbb/lib.a(read.o)
                0x0000f93c                xread
 .text.xread_char
                0x0000f960       0x20 libbb/lib.a(read.o)
                0x0000f960                xread_char
 .text.xmalloc_reads
                0x0000f980       0xd0 libbb/lib.a(read.o)
                0x0000f980                xmalloc_reads
 .text.read_close
                0x0000fa50       0x20 libbb/lib.a(read.o)
                0x0000fa50                read_close
 .text.open_read_close
                0x0000fa70       0x2c libbb/lib.a(read.o)
                0x0000fa70                open_read_close
 .text.xmalloc_read
                0x0000fa9c       0xf8 libbb/lib.a(read.o)
                0x0000fa9c                xmalloc_read
 .text.xmalloc_open_read_close
                0x0000fb94       0x38 libbb/lib.a(read.o)
                0x0000fb94                xmalloc_open_read_close
 .text.xmalloc_xopen_read_close
                0x0000fbcc       0x24 libbb/lib.a(read.o)
                0x0000fbcc                xmalloc_xopen_read_close
 .text.open_zipped
                0x0000fbf0       0xf4 libbb/lib.a(read.o)
                0x0000fbf0                open_zipped
 .text.xmalloc_open_zipped_read_close
                0x0000fce4       0x4c libbb/lib.a(read.o)
                0x0000fce4                xmalloc_open_zipped_read_close
 .text.safe_poll
                0x0000fd30       0x64 libbb/lib.a(safe_poll.o)
                0x0000fd30                safe_poll
 .text.get_S    0x0000fd94       0x30 libpwdgrp/lib.a(pwd_grp.o)
 .text.bb_internal_setpwent
                0x0000fdc4       0x18 libpwdgrp/lib.a(pwd_grp.o)
                0x0000fdc4                bb_internal_setpwent
 .text.bb_internal_setgrent
                0x0000fddc       0x18 libpwdgrp/lib.a(pwd_grp.o)
                0x0000fddc                bb_internal_setgrent
 .text.bb_internal_endgrent
                0x0000fdf4       0x28 libpwdgrp/lib.a(pwd_grp.o)
                0x0000fdf4                bb_internal_endgrent
 .text.bb_internal_putpwent
                0x0000fe1c       0x80 libpwdgrp/lib.a(pwd_grp.o)
                0x0000fe1c                bb_internal_putpwent
 .text.bb__parsespent
                0x0000fe9c       0xac libpwdgrp/lib.a(pwd_grp.o)
 .text.bb__parsepwent
                0x0000ff48       0xa0 libpwdgrp/lib.a(pwd_grp.o)
 .text.bb__parsegrent
                0x0000ffe8      0x140 libpwdgrp/lib.a(pwd_grp.o)
 .text.bb__pgsreader
                0x00010128       0xf4 libpwdgrp/lib.a(pwd_grp.o)
 .text.getgrouplist_internal
                0x0001021c       0xdc libpwdgrp/lib.a(pwd_grp.o)
 .text.bb_internal_getgrouplist
                0x000102f8       0x58 libpwdgrp/lib.a(pwd_grp.o)
                0x000102f8                bb_internal_getgrouplist
 .text.bb_internal_initgroups
                0x00010350       0x40 libpwdgrp/lib.a(pwd_grp.o)
                0x00010350                bb_internal_initgroups
 .text.bb_internal_getgrgid_r
                0x00010390       0x9c libpwdgrp/lib.a(pwd_grp.o)
                0x00010390                bb_internal_getgrgid_r
 .text.bb_internal_getgrgid
                0x0001042c       0x3c libpwdgrp/lib.a(pwd_grp.o)
                0x0001042c                bb_internal_getgrgid
 .text.bb_internal_getpwuid_r
                0x00010468       0x9c libpwdgrp/lib.a(pwd_grp.o)
                0x00010468                bb_internal_getpwuid_r
 .text.bb_internal_getpwuid
                0x00010504       0x38 libpwdgrp/lib.a(pwd_grp.o)
                0x00010504                bb_internal_getpwuid
 .text.bb_internal_getspnam_r
                0x0001053c       0xa4 libpwdgrp/lib.a(pwd_grp.o)
                0x0001053c                bb_internal_getspnam_r
 .text.bb_internal_getgrnam_r
                0x000105e0       0xa4 libpwdgrp/lib.a(pwd_grp.o)
                0x000105e0                bb_internal_getgrnam_r
 .text.bb_internal_getgrnam
                0x00010684       0x3c libpwdgrp/lib.a(pwd_grp.o)
                0x00010684                bb_internal_getgrnam
 .text.bb_internal_getpwnam_r
                0x000106c0       0xa4 libpwdgrp/lib.a(pwd_grp.o)
                0x000106c0                bb_internal_getpwnam_r
 .text.bb_internal_getpwnam
                0x00010764       0x3c libpwdgrp/lib.a(pwd_grp.o)
                0x00010764                bb_internal_getpwnam
 .text.add_user_to_group
                0x000107a0      0x10c loginutils/lib.a(addgroup.o)
 .text.addgroup_main
                0x000108ac      0x1ec loginutils/lib.a(addgroup.o)
                0x000108ac                addgroup_main
 .text.adduser_main
                0x00010a98      0x304 loginutils/lib.a(adduser.o)
                0x00010a98                adduser_main
 .text.chpasswd_main
                0x00010d9c      0x184 loginutils/lib.a(chpasswd.o)
                0x00010d9c                chpasswd_main
 .text.cryptpw_main
                0x00010f20       0xa8 loginutils/lib.a(cryptpw.o)
                0x00010f20                cryptpw_main
 .text.del_line_matching
                0x00010fc8      0x220 loginutils/lib.a(deluser.o)
 .text.deluser_main
                0x000111e8       0xbc loginutils/lib.a(deluser.o)
                0x000111e8                deluser_main
 .text.bcode    0x000112a4       0x20 loginutils/lib.a(getty.o)
 .text.touch    0x000112c4       0x30 loginutils/lib.a(getty.o)
 .text.getty_main
                0x000112f4      0x9d4 loginutils/lib.a(getty.o)
                0x000112f4                getty_main
 .text.alarm_handler
                0x00011cc8       0x3c loginutils/lib.a(login.o)
 .text.login_main
                0x00011d04      0x710 loginutils/lib.a(login.o)
                0x00011d04                login_main
 .text.nuke_str
                0x00012414       0x24 loginutils/lib.a(passwd.o)
 .text.passwd_main
                0x00012438      0x498 loginutils/lib.a(passwd.o)
                0x00012438                passwd_main
 .text.su_main  0x000128d0      0x230 loginutils/lib.a(su.o)
                0x000128d0                su_main
 .text.sulogin_main
                0x00012b00      0x240 loginutils/lib.a(sulogin.o)
                0x00012b00                sulogin_main
 .text.release_vt
                0x00012d40       0x24 loginutils/lib.a(vlock.o)
 .text.acquire_vt
                0x00012d64       0x14 loginutils/lib.a(vlock.o)
 .text.vlock_main
                0x00012d78      0x1f4 loginutils/lib.a(vlock.o)
                0x00012d78                vlock_main
 .text.makemime_main
                0x00012f6c      0x1b8 mailutils/lib.a(mime.o)
                0x00012f6c                makemime_main
 .text.find_token
                0x00013124       0x64 mailutils/lib.a(mime.o)
 .text.parse    0x00013188      0x498 mailutils/lib.a(mime.o)
 .text.reformime_main
                0x00013620       0xc4 mailutils/lib.a(mime.o)
                0x00013620                reformime_main
 .text.pop3_checkr
                0x000136e4       0x74 mailutils/lib.a(popmaildir.o)
 .text.pop3_check
                0x00013758        0x8 mailutils/lib.a(popmaildir.o)
 .text.popmaildir_main
                0x00013760      0x3c0 mailutils/lib.a(popmaildir.o)
                0x00013760                popmaildir_main
 .text.smtp_checkp
                0x00013b20       0xa0 mailutils/lib.a(sendmail.o)
 .text.smtp_check
                0x00013bc0        0xc mailutils/lib.a(sendmail.o)
 .text.sane_address
                0x00013bcc       0x74 mailutils/lib.a(sendmail.o)
 .text.rcptto   0x00013c40       0x14 mailutils/lib.a(sendmail.o)
 .text.sendmail_main
                0x00013c54      0x6dc mailutils/lib.a(sendmail.o)
                0x00013c54                sendmail_main
 .text.kill_helper
                0x00014330       0x20 mailutils/lib.a(mail.o)
 .text.signal_handler
                0x00014350       0x78 mailutils/lib.a(mail.o)
 .text.launch_helper
                0x000143c8       0xe4 mailutils/lib.a(mail.o)
                0x000143c8                launch_helper
 .text.command  0x000144ac       0x68 mailutils/lib.a(mail.o)
                0x000144ac                command
 .text.encode_base64
                0x00014514      0x130 mailutils/lib.a(mail.o)
                0x00014514                encode_base64
 .text.decode_base64
                0x00014644      0x128 mailutils/lib.a(mail.o)
                0x00014644                decode_base64
 .text.get_cred_or_die
                0x0001476c       0xcc mailutils/lib.a(mail.o)
                0x0001476c                get_cred_or_die
 .text.adjtimex_main
                0x00014838      0x228 miscutils/lib.a(adjtimex.o)
                0x00014838                adjtimex_main
 .text.signal_handler
                0x00014a60       0x14 miscutils/lib.a(chat.o)
 .text.unescape
                0x00014a74       0xe8 miscutils/lib.a(chat.o)
 .text.chat_main
                0x00014b5c      0x590 miscutils/lib.a(chat.o)
                0x00014b5c                chat_main
 .text.show_min_max
                0x000150ec       0x64 miscutils/lib.a(chrt.o)
 .text.chrt_main
                0x00015150      0x1c8 miscutils/lib.a(chrt.o)
                0x00015150                chrt_main
 .text.crondlog
                0x00015318       0x90 miscutils/lib.a(crond.o)
 .text.ParseField
                0x000153a8      0x25c miscutils/lib.a(crond.o)
 .text.DeleteFile
                0x00015604       0xc4 miscutils/lib.a(crond.o)
 .text.SynchronizeFile
                0x000156c8      0x2f0 miscutils/lib.a(crond.o)
 .text.SynchronizeDir
                0x000159b8       0xe0 miscutils/lib.a(crond.o)
 .text.ForkJob  0x00015a98      0x20c miscutils/lib.a(crond.o)
 .text.crond_main
                0x00015ca4      0x6a4 miscutils/lib.a(crond.o)
                0x00015ca4                crond_main
 .text.edit_file
                0x00016348      0x10c miscutils/lib.a(crontab.o)
 .text.open_as_user
                0x00016454       0x80 miscutils/lib.a(crontab.o)
 .text.crontab_main
                0x000164d4      0x2f0 miscutils/lib.a(crontab.o)
                0x000164d4                crontab_main
 .text.push     0x000167c4       0x40 miscutils/lib.a(dc.o)
 .text.pop      0x00016804       0x34 miscutils/lib.a(dc.o)
 .text.add      0x00016838       0x2c miscutils/lib.a(dc.o)
 .text.sub      0x00016864       0x2c miscutils/lib.a(dc.o)
 .text.mul      0x00016890       0x2c miscutils/lib.a(dc.o)
 .text.power    0x000168bc       0x38 miscutils/lib.a(dc.o)
 .text.divide   0x000168f4       0x2c miscutils/lib.a(dc.o)
 .text.mod      0x00016920       0x74 miscutils/lib.a(dc.o)
 .text.and      0x00016994       0x70 miscutils/lib.a(dc.o)
 .text.or       0x00016a04       0x70 miscutils/lib.a(dc.o)
 .text.eor      0x00016a74       0x70 miscutils/lib.a(dc.o)
 .text.not      0x00016ae4       0x54 miscutils/lib.a(dc.o)
 .text.set_output_base
                0x00016b38       0x6c miscutils/lib.a(dc.o)
 .text.print_base
                0x00016ba4       0xcc miscutils/lib.a(dc.o)
 .text.print_stack_no_pop
                0x00016c70       0x3c miscutils/lib.a(dc.o)
 .text.print_no_pop
                0x00016cac       0x18 miscutils/lib.a(dc.o)
 .text.stack_machine
                0x00016cc4       0x84 miscutils/lib.a(dc.o)
 .text.dc_main  0x00016d48       0xb0 miscutils/lib.a(dc.o)
                0x00016d48                dc_main
 .text.devmem_main
                0x00016df8      0x23c miscutils/lib.a(devmem.o)
                0x00016df8                devmem_main
 .text.eject_main
                0x00017034      0x1c0 miscutils/lib.a(eject.o)
                0x00017034                eject_main
 .text.fb_drawfullrectangle
                0x000171f4       0x7c miscutils/lib.a(fbsplash.o)
 .text.fb_drawprogressbar
                0x00017270      0x1cc miscutils/lib.a(fbsplash.o)
 .text.fbsplash_main
                0x0001743c      0x444 miscutils/lib.a(fbsplash.o)
                0x0001743c                fbsplash_main
 .text.ioctl_alt_func
                0x00017880       0x48 miscutils/lib.a(hdparm.o)
 .text.on_off   0x000178c8       0x20 miscutils/lib.a(hdparm.o)
 .text.print_flag_on_off
                0x000178e8       0x28 miscutils/lib.a(hdparm.o)
 .text.print_value_on_off
                0x00017910       0x2c miscutils/lib.a(hdparm.o)
 .text.xprint_ascii
                0x0001793c       0x98 miscutils/lib.a(hdparm.o)
 .text.mode_loop
                0x000179d4       0x94 miscutils/lib.a(hdparm.o)
 .text.identify
                0x00017a68     0x1548 miscutils/lib.a(hdparm.o)
 .text.flush_buffer_cache
                0x00018fb0       0x74 miscutils/lib.a(hdparm.o)
 .text.seek_to_zero
                0x00019024       0x14 miscutils/lib.a(hdparm.o)
 .text.read_big_block
                0x00019038       0x40 miscutils/lib.a(hdparm.o)
 .text.do_time  0x00019078      0x238 miscutils/lib.a(hdparm.o)
 .text.bus_state_value
                0x000192b0       0x3c miscutils/lib.a(hdparm.o)
 .text.print_flag
                0x000192ec       0x14 miscutils/lib.a(hdparm.o)
 .text.identify_from_stdin
                0x00019300       0x94 miscutils/lib.a(hdparm.o)
 .text.parse_opts
                0x00019394       0x4c miscutils/lib.a(hdparm.o)
 .text.parse_xfermode
                0x000193e0       0xc0 miscutils/lib.a(hdparm.o)
 .text.hdparm_main
                0x000194a0     0x1874 miscutils/lib.a(hdparm.o)
                0x000194a0                hdparm_main
 .text.show_entry
                0x0001ad14      0x184 miscutils/lib.a(last_fancy.o)
 .text.last_main
                0x0001ae98      0x3f8 miscutils/lib.a(last_fancy.o)
                0x0001ae98                last_main
 .text.set_tty_cooked
                0x0001b290       0x34 miscutils/lib.a(less.o)
 .text.move_cursor
                0x0001b2c4       0x14 miscutils/lib.a(less.o)
 .text.clear_line
                0x0001b2d8       0x20 miscutils/lib.a(less.o)
 .text.print_hilite
                0x0001b2f8       0x10 miscutils/lib.a(less.o)
 .text.print_statusline
                0x0001b308       0x34 miscutils/lib.a(less.o)
 .text.less_exit
                0x0001b33c       0x24 miscutils/lib.a(less.o)
 .text.re_wrap  0x0001b360      0x1c8 miscutils/lib.a(less.o)
 .text.m_status_print
                0x0001b528       0xfc miscutils/lib.a(less.o)
 .text.status_print
                0x0001b624       0xac miscutils/lib.a(less.o)
 .text.lineno_str
                0x0001b6d0       0xa0 miscutils/lib.a(less.o)
 .text.fill_match_lines
                0x0001b770       0xb8 miscutils/lib.a(less.o)
 .text.read_lines
                0x0001b828      0x3c0 miscutils/lib.a(less.o)
 .text.buffer_print
                0x0001bbe8      0x2f8 miscutils/lib.a(less.o)
 .text.buffer_fill_and_print
                0x0001bee0      0x11c miscutils/lib.a(less.o)
 .text.buffer_down
                0x0001bffc       0x88 miscutils/lib.a(less.o)
 .text.buffer_up
                0x0001c084       0x34 miscutils/lib.a(less.o)
 .text.buffer_line
                0x0001c0b8       0x50 miscutils/lib.a(less.o)
 .text.reinitialize
                0x0001c108       0xe8 miscutils/lib.a(less.o)
 .text.getch_nowait
                0x0001c1f0      0x17c miscutils/lib.a(less.o)
 .text.less_getch
                0x0001c36c       0x4c miscutils/lib.a(less.o)
 .text.less_gets
                0x0001c3b8       0xcc miscutils/lib.a(less.o)
 .text.examine_file
                0x0001c484       0x8c miscutils/lib.a(less.o)
 .text.change_file
                0x0001c510       0x94 miscutils/lib.a(less.o)
 .text.goto_match
                0x0001c5a4       0x8c miscutils/lib.a(less.o)
 .text.regex_process
                0x0001c630      0x148 miscutils/lib.a(less.o)
 .text.opp_bracket
                0x0001c778       0x70 miscutils/lib.a(less.o)
 .text.sig_catcher
                0x0001c7e8        0x8 miscutils/lib.a(less.o)
 .text.sigwinch_handler
                0x0001c7f0       0x1c miscutils/lib.a(less.o)
 .text.less_main
                0x0001c80c      0xc5c miscutils/lib.a(less.o)
                0x0001c80c                less_main
 .text.makedevs_main
                0x0001d468      0x454 miscutils/lib.a(makedevs.o)
                0x0001d468                makedevs_main
 .text.show_manpage
                0x0001d8bc       0xd8 miscutils/lib.a(man.o)
 .text.run_pipe
                0x0001d994      0x1ac miscutils/lib.a(man.o)
 .text.man_main
                0x0001db40      0x348 miscutils/lib.a(man.o)
                0x0001db40                man_main
 .text.xget1    0x0001de88       0x48 miscutils/lib.a(microcom.o)
 .text.xset1    0x0001ded0       0x30 miscutils/lib.a(microcom.o)
 .text.microcom_main
                0x0001df00      0x310 miscutils/lib.a(microcom.o)
                0x0001df00                microcom_main
 .text.mountpoint_main
                0x0001e210      0x23c miscutils/lib.a(mountpoint.o)
                0x0001e210                mountpoint_main
 .text.mt_main  0x0001e44c      0x174 miscutils/lib.a(mt.o)
                0x0001e44c                mt_main
 .text.raidautorun_main
                0x0001e5c0       0x3c miscutils/lib.a(raidautorun.o)
                0x0001e5c0                raidautorun_main
 .text.readahead_main
                0x0001e5fc       0x98 miscutils/lib.a(readahead.o)
                0x0001e5fc                readahead_main
 .text.runlevel_main
                0x0001e694       0x78 miscutils/lib.a(runlevel.o)
                0x0001e694                runlevel_main
 .text.read_byte
                0x0001e70c       0x3c miscutils/lib.a(rx.o)
 .text.sigalrm_handler
                0x0001e748        0x4 miscutils/lib.a(rx.o)
 .text.rx_main  0x0001e74c      0x3d8 miscutils/lib.a(rx.o)
                0x0001e74c                rx_main
 .text.setsid_main
                0x0001eb24       0x40 miscutils/lib.a(setsid.o)
                0x0001eb24                setsid_main
 .text.strings_main
                0x0001eb64      0x190 miscutils/lib.a(strings.o)
                0x0001eb64                strings_main
 .text.ptok     0x0001ecf4       0x30 miscutils/lib.a(time.o)
 .text.run_command
                0x0001ed24      0x134 miscutils/lib.a(time.o)
 .text.time_main
                0x0001ee58      0x61c miscutils/lib.a(time.o)
                0x0001ee58                time_main
 .text.ttysize_main
                0x0001f474       0xd0 miscutils/lib.a(ttysize.o)
                0x0001f474                ttysize_main
 .text.watchdog_shutdown
                0x0001f544       0x20 miscutils/lib.a(watchdog.o)
 .text.watchdog_main
                0x0001f564      0x114 miscutils/lib.a(watchdog.o)
                0x0001f564                watchdog_main
 .text.appendc  0x0001f678       0x2c modutils/lib.a(modprobe-small.o)
 .text.append   0x0001f6a4       0x50 modutils/lib.a(modprobe-small.o)
 .text.reset_stringbuf
                0x0001f6f4       0x18 modutils/lib.a(modprobe-small.o)
 .text.copy_stringbuf
                0x0001f70c       0x28 modutils/lib.a(modprobe-small.o)
 .text.find_keyword
                0x0001f734       0x8c modutils/lib.a(modprobe-small.o)
 .text.replace  0x0001f7c0       0x2c modutils/lib.a(modprobe-small.o)
 .text.str_2_list
                0x0001f7ec       0x48 modutils/lib.a(modprobe-small.o)
 .text.moderror
                0x0001f834       0x4c modutils/lib.a(modprobe-small.o)
 .text.load_module
                0x0001f880       0x64 modutils/lib.a(modprobe-small.o)
 .text.parse_module
                0x0001f8e4      0x160 modutils/lib.a(modprobe-small.o)
 .text.pathname_matches_modname
                0x0001fa44       0x5c modutils/lib.a(modprobe-small.o)
 .text.fileAction
                0x0001faa0       0xcc modutils/lib.a(modprobe-small.o)
 .text.load_dep_bb
                0x0001fb6c      0x134 modutils/lib.a(modprobe-small.o)
 .text.find_alias
                0x0001fca0      0x3cc modutils/lib.a(modprobe-small.o)
 .text.process_module
                0x0002006c      0x2c8 modutils/lib.a(modprobe-small.o)
 .text.modprobe_main
                0x00020334      0x214 modutils/lib.a(modprobe-small.o)
                0x00020334                modprobe_main
 .text.arp_main
                0x00020548      0x9d0 networking/lib.a(arp.o)
                0x00020548                arp_main
 .text.finish   0x00020f18       0x98 networking/lib.a(arping.o)
 .text.catcher  0x00020fb0      0x1a8 networking/lib.a(arping.o)
 .text.arping_main
                0x00021158      0x800 networking/lib.a(arping.o)
                0x00021158                arping_main
 .text.arm_ioctl
                0x00021958        0xc networking/lib.a(brctl.o)
 .text.brctl_main
                0x00021964      0x528 networking/lib.a(brctl.o)
                0x00021964                brctl_main
 .text.interrupt
                0x00021e8c       0x1c networking/lib.a(dnsd.o)
 .text.dnsd_main
                0x00021ea8      0x758 networking/lib.a(dnsd.o)
                0x00021ea8                dnsd_main
 .text.ether_wake_main
                0x00022600      0x340 networking/lib.a(ether-wake.o)
                0x00022600                ether_wake_main
 .text.ftp_die  0x00022940       0x58 networking/lib.a(ftpgetput.o)
 .text.ftpcmd   0x00022998       0xd0 networking/lib.a(ftpgetput.o)
 .text.xconnect_ftpdata
                0x00022a68       0xbc networking/lib.a(ftpgetput.o)
 .text.pump_data_and_QUIT
                0x00022b24       0x70 networking/lib.a(ftpgetput.o)
 .text.ftp_receive
                0x00022b94      0x170 networking/lib.a(ftpgetput.o)
 .text.ftp_send
                0x00022d04       0x78 networking/lib.a(ftpgetput.o)
 .text.ftpgetput_main
                0x00022d7c      0x1c4 networking/lib.a(ftpgetput.o)
                0x00022d7c                ftpgetput_main
 .text.do_sethostname
                0x00022f40       0xb0 networking/lib.a(hostname.o)
 .text.hostname_main
                0x00022ff0      0x12c networking/lib.a(hostname.o)
                0x00022ff0                hostname_main
 .text.free_llist
                0x0002311c       0x30 networking/lib.a(httpd.o)
 .text.scan_ip  0x0002314c       0xe0 networking/lib.a(httpd.o)
 .text.parse_conf
                0x0002322c      0x6d4 networking/lib.a(httpd.o)
 .text.hex_to_bin
                0x00023900       0x28 networking/lib.a(httpd.o)
 .text.decodeString
                0x00023928       0xd4 networking/lib.a(httpd.o)
 .text.log_and_exit
                0x000239fc       0x3c networking/lib.a(httpd.o)
 .text.get_line
                0x00023a38       0xa8 networking/lib.a(httpd.o)
 .text.cgi_io_loop_and_exit
                0x00023ae0      0x27c networking/lib.a(httpd.o)
 .text.setenv1  0x00023d5c       0x18 networking/lib.a(httpd.o)
 .text.send_file_and_exit
                0x00023d74      0x3b0 networking/lib.a(httpd.o)
 .text.send_headers
                0x00024124      0x358 networking/lib.a(httpd.o)
 .text.send_headers_and_exit
                0x0002447c        0x8 networking/lib.a(httpd.o)
 .text.send_cgi_and_exit
                0x00024484      0x400 networking/lib.a(httpd.o)
 .text.checkPermIP
                0x00024884       0x68 networking/lib.a(httpd.o)
 .text.check_user_passwd
                0x000248ec      0x178 networking/lib.a(httpd.o)
 .text.exit_on_signal
                0x00024a64        0x8 networking/lib.a(httpd.o)
 .text.handle_incoming_and_exit
                0x00024a6c      0xbdc networking/lib.a(httpd.o)
 .text.sighup_handler
                0x00025648       0x30 networking/lib.a(httpd.o)
 .text.httpd_main
                0x00025678      0x388 networking/lib.a(httpd.o)
                0x00025678                httpd_main
 .text.ifconfig_main
                0x00025a00      0x5cc networking/lib.a(ifconfig.o)
                0x00025a00                ifconfig_main
 .text.strncpy_IFNAMSIZ
                0x00025fcc        0x8 networking/lib.a(ifenslave.o)
 .text.ioctl_on_skfd
                0x00025fd4       0x10 networking/lib.a(ifenslave.o)
 .text.set_ifrname_and_do_ioctl
                0x00025fe4       0x28 networking/lib.a(ifenslave.o)
 .text.get_if_settings
                0x0002600c       0x54 networking/lib.a(ifenslave.o)
 .text.get_slave_flags
                0x00026060       0x20 networking/lib.a(ifenslave.o)
 .text.set_hwaddr
                0x00026080       0x34 networking/lib.a(ifenslave.o)
 .text.set_mtu  0x000260b4       0x28 networking/lib.a(ifenslave.o)
 .text.set_if_flags
                0x000260dc       0x34 networking/lib.a(ifenslave.o)
 .text.set_if_up
                0x00026110       0x2c networking/lib.a(ifenslave.o)
 .text.set_if_down
                0x0002613c       0x2c networking/lib.a(ifenslave.o)
 .text.enslave  0x00026168      0x30c networking/lib.a(ifenslave.o)
 .text.get_drv_info
                0x00026474       0xe8 networking/lib.a(ifenslave.o)
 .text.ifenslave_main
                0x0002655c      0x340 networking/lib.a(ifenslave.o)
                0x0002655c                ifenslave_main
 .text.addstr   0x0002689c       0x54 networking/lib.a(ifupdown.o)
 .text.strncmpz
                0x000268f0       0x20 networking/lib.a(ifupdown.o)
 .text.get_var  0x00026910       0xc0 networking/lib.a(ifupdown.o)
 .text.execute  0x000269d0      0x3a8 networking/lib.a(ifupdown.o)
 .text.loopback_up6
                0x00026d78       0x4c networking/lib.a(ifupdown.o)
 .text.loopback_down6
                0x00026dc4       0x14 networking/lib.a(ifupdown.o)
 .text.static_up6
                0x00026dd8       0x64 networking/lib.a(ifupdown.o)
 .text.static_down6
                0x00026e3c       0x14 networking/lib.a(ifupdown.o)
 .text.v4tunnel_up
                0x00026e50       0x7c networking/lib.a(ifupdown.o)
 .text.v4tunnel_down
                0x00026ecc       0x14 networking/lib.a(ifupdown.o)
 .text.loopback_up
                0x00026ee0       0x4c networking/lib.a(ifupdown.o)
 .text.loopback_down
                0x00026f2c       0x4c networking/lib.a(ifupdown.o)
 .text.static_up
                0x00026f78       0x64 networking/lib.a(ifupdown.o)
 .text.static_down
                0x00026fdc       0x4c networking/lib.a(ifupdown.o)
 .text.dhcp_up  0x00027028       0x40 networking/lib.a(ifupdown.o)
 .text.dhcp_down
                0x00027068       0x50 networking/lib.a(ifupdown.o)
 .text.manual_up_down
                0x000270b8        0x8 networking/lib.a(ifupdown.o)
 .text.bootp_up
                0x000270c0       0x14 networking/lib.a(ifupdown.o)
 .text.ppp_up   0x000270d4       0x14 networking/lib.a(ifupdown.o)
 .text.ppp_down
                0x000270e8       0x14 networking/lib.a(ifupdown.o)
 .text.wvdial_up
                0x000270fc       0x14 networking/lib.a(ifupdown.o)
 .text.wvdial_down
                0x00027110       0x14 networking/lib.a(ifupdown.o)
 .text.next_word
                0x00027124       0x58 networking/lib.a(ifupdown.o)
 .text.setlocalenv
                0x0002717c       0xac networking/lib.a(ifupdown.o)
 .text.set_environ
                0x00027228      0x1a8 networking/lib.a(ifupdown.o)
 .text.doit     0x000273d0       0xb4 networking/lib.a(ifupdown.o)
 .text.execute_all
                0x00027484       0x74 networking/lib.a(ifupdown.o)
 .text.check    0x000274f8        0xc networking/lib.a(ifupdown.o)
 .text.iface_up
                0x00027504       0x90 networking/lib.a(ifupdown.o)
 .text.iface_down
                0x00027594       0x90 networking/lib.a(ifupdown.o)
 .text.popen2   0x00027624       0xec networking/lib.a(ifupdown.o)
 .text.find_iface_state
                0x00027710       0x64 networking/lib.a(ifupdown.o)
 .text.read_iface_state
                0x00027774       0x6c networking/lib.a(ifupdown.o)
 .text.ifupdown_main
                0x000277e0      0xa5c networking/lib.a(ifupdown.o)
                0x000277e0                ifupdown_main
 .text.maybe_close
                0x0002823c        0xc networking/lib.a(inetd.o)
 .text.xzalloc_lsa
                0x00028248       0x3c networking/lib.a(inetd.o)
 .text.rearm_alarm
                0x00028284       0x24 networking/lib.a(inetd.o)
 .text.block_CHLD_HUP_ALRM
                0x000282a8       0x44 networking/lib.a(inetd.o)
 .text.restore_sigmask
                0x000282ec       0x10 networking/lib.a(inetd.o)
 .text.register_rpc
                0x000282fc       0xd4 networking/lib.a(inetd.o)
 .text.unregister_rpc
                0x000283d0       0x50 networking/lib.a(inetd.o)
 .text.bump_nofile
                0x00028420       0xf4 networking/lib.a(inetd.o)
 .text.remove_fd_from_set
                0x00028514       0x34 networking/lib.a(inetd.o)
 .text.add_fd_to_set
                0x00028548       0x84 networking/lib.a(inetd.o)
 .text.prepare_socket_fd
                0x000285cc      0x168 networking/lib.a(inetd.o)
 .text.free_servtab_strings
                0x00028734       0x5c networking/lib.a(inetd.o)
 .text.new_servtab
                0x00028790       0x18 networking/lib.a(inetd.o)
 .text.reread_config_file
                0x000287a8      0xa00 networking/lib.a(inetd.o)
 .text.reap_child
                0x000291a8       0xc4 networking/lib.a(inetd.o)
 .text.retry_network_setup
                0x0002926c       0x78 networking/lib.a(inetd.o)
 .text.clean_up_and_exit
                0x000292e4       0x84 networking/lib.a(inetd.o)
 .text.inetd_main
                0x00029368      0x8d4 networking/lib.a(inetd.o)
                0x00029368                inetd_main
 .text.echo_stream
                0x00029c3c       0x38 networking/lib.a(inetd.o)
 .text.echo_dg  0x00029c74       0x8c networking/lib.a(inetd.o)
 .text.discard_stream
                0x00029d00       0x2c networking/lib.a(inetd.o)
 .text.discard_dg
                0x00029d2c       0x18 networking/lib.a(inetd.o)
 .text.init_ring
                0x00029d44       0x40 networking/lib.a(inetd.o)
 .text.chargen_stream
                0x00029d84       0xa0 networking/lib.a(inetd.o)
 .text.chargen_dg
                0x00029e24      0x110 networking/lib.a(inetd.o)
 .text.machtime
                0x00029f34       0x44 networking/lib.a(inetd.o)
 .text.machtime_stream
                0x00029f78       0x2c networking/lib.a(inetd.o)
 .text.machtime_dg
                0x00029fa4       0x88 networking/lib.a(inetd.o)
 .text.daytime_stream
                0x0002a02c       0x40 networking/lib.a(inetd.o)
 .text.daytime_dg
                0x0002a06c       0xb4 networking/lib.a(inetd.o)
 .text.INET_sprint
                0x0002a120       0x58 networking/lib.a(interface.o)
 .text.INET_input
                0x0002a178        0x8 networking/lib.a(interface.o)
 .text.INET6_sprint
                0x0002a180       0x54 networking/lib.a(interface.o)
 .text.INET6_input
                0x0002a1d4        0x4 networking/lib.a(interface.o)
 .text.UNSPEC_print
                0x0002a1d8       0x64 networking/lib.a(interface.o)
 .text.UNSPEC_sprint
                0x0002a23c       0x28 networking/lib.a(interface.o)
 .text.get_aftype
                0x0002a264       0x50 networking/lib.a(interface.o)
                0x0002a264                get_aftype
 .text.get_afntype
                0x0002a2b4       0x3c networking/lib.a(interface.o)
 .text.add_interface
                0x0002a2f0       0xa4 networking/lib.a(interface.o)
 .text.if_readconf
                0x0002a394       0xdc networking/lib.a(interface.o)
 .text.if_readlist_proc
                0x0002a470      0x2e0 networking/lib.a(interface.o)
 .text.do_if_fetch
                0x0002a750      0x334 networking/lib.a(interface.o)
 .text.ether_print
                0x0002aa84       0x54 networking/lib.a(interface.o)
 .text.hexchar2int
                0x0002aad8       0x2c networking/lib.a(interface.o)
 .text.ether_input
                0x0002ab04       0xcc networking/lib.a(interface.o)
 .text.get_hwtype
                0x0002abd0       0x50 networking/lib.a(interface.o)
                0x0002abd0                get_hwtype
 .text.get_hwntype
                0x0002ac20       0x3c networking/lib.a(interface.o)
                0x0002ac20                get_hwntype
 .text.print_bytes_scaled
                0x0002ac5c       0x9c networking/lib.a(interface.o)
 .text.ife_print
                0x0002acf8      0x5bc networking/lib.a(interface.o)
 .text.in_ib    0x0002b2b4      0x10c networking/lib.a(interface.o)
                0x0002b2b4                in_ib
 .text.display_interfaces
                0x0002b3c0       0xcc networking/lib.a(interface.o)
                0x0002b3c0                display_interfaces
 .text.ip_print_help
                0x0002b48c        0x8 networking/lib.a(ip.o)
 .text.ip_do    0x0002b494       0x1c networking/lib.a(ip.o)
 .text.ipaddr_main
                0x0002b4b0        0xc networking/lib.a(ip.o)
                0x0002b4b0                ipaddr_main
 .text.iplink_main
                0x0002b4bc        0xc networking/lib.a(ip.o)
                0x0002b4bc                iplink_main
 .text.iproute_main
                0x0002b4c8        0xc networking/lib.a(ip.o)
                0x0002b4c8                iproute_main
 .text.iprule_main
                0x0002b4d4        0xc networking/lib.a(ip.o)
                0x0002b4d4                iprule_main
 .text.iptunnel_main
                0x0002b4e0        0xc networking/lib.a(ip.o)
                0x0002b4e0                iptunnel_main
 .text.ip_main  0x0002b4ec       0x98 networking/lib.a(ip.o)
                0x0002b4ec                ip_main
 .text.ipcalc_main
                0x0002b584      0x2dc networking/lib.a(ipcalc.o)
                0x0002b584                ipcalc_main
 .text.new_peer
                0x0002b860       0x78 networking/lib.a(isrv_identd.o)
 .text.do_rd    0x0002b8d8      0x108 networking/lib.a(isrv_identd.o)
 .text.do_timeout
                0x0002b9e0        0x8 networking/lib.a(isrv_identd.o)
 .text.fakeidentd_main
                0x0002b9e8      0x168 networking/lib.a(isrv_identd.o)
                0x0002b9e8                fakeidentd_main
 .text.prepend_new_eth_table
                0x0002bb50      0x17c networking/lib.a(nameif.o)
 .text.nameif_main
                0x0002bccc      0x2d0 networking/lib.a(nameif.o)
                0x0002bccc                nameif_main
 .text.timeout  0x0002bf9c       0x10 networking/lib.a(nc.o)
 .text.nc_main  0x0002bfac      0x4d4 networking/lib.a(nc.o)
                0x0002bfac                nc_main
 .text.prg_cache_get
                0x0002c480       0x54 networking/lib.a(netstat.o)
 .text.file_act
                0x0002c4d4      0x138 networking/lib.a(netstat.o)
 .text.dir_act  0x0002c60c       0xec networking/lib.a(netstat.o)
 .text.build_ipv6_addr
                0x0002c6f8       0x74 networking/lib.a(netstat.o)
 .text.build_ipv4_addr
                0x0002c76c       0x2c networking/lib.a(netstat.o)
 .text.ip_port_str
                0x0002c798       0x9c networking/lib.a(netstat.o)
 .text.scan_inet_proc_line
                0x0002c834       0xc8 networking/lib.a(netstat.o)
 .text.print_inet_line
                0x0002c8fc       0xf4 networking/lib.a(netstat.o)
 .text.tcp_do_one
                0x0002c9f0       0x58 networking/lib.a(netstat.o)
 .text.udp_do_one
                0x0002ca48       0xc0 networking/lib.a(netstat.o)
 .text.raw_do_one
                0x0002cb08       0xa4 networking/lib.a(netstat.o)
 .text.unix_do_one
                0x0002cbac      0x2e4 networking/lib.a(netstat.o)
 .text.do_info  0x0002ce90       0x78 networking/lib.a(netstat.o)
 .text.netstat_main
                0x0002cf08      0x2dc networking/lib.a(netstat.o)
                0x0002cf08                netstat_main
 .text.print_host
                0x0002d1e4       0xe8 networking/lib.a(nslookup.o)
 .text.nslookup_main
                0x0002d2cc       0xac networking/lib.a(nslookup.o)
                0x0002d2cc                nslookup_main
 .text.print_stats_and_exit
                0x0002d378      0x174 networking/lib.a(ping.o)
 .text.sendping_tail
                0x0002d4ec      0x110 networking/lib.a(ping.o)
 .text.sendping4
                0x0002d5fc      0x12c networking/lib.a(ping.o)
 .text.sendping6
                0x0002d728       0xa0 networking/lib.a(ping.o)
 .text.unpack_tail
                0x0002d7c8      0x168 networking/lib.a(ping.o)
 .text.ping_main
                0x0002d930      0x834 networking/lib.a(ping.o)
                0x0002d930                ping_main
 .text.ping6_main
                0x0002e164       0x14 networking/lib.a(ping.o)
                0x0002e164                ping6_main
 .text.pscan_main
                0x0002e178      0x308 networking/lib.a(pscan.o)
                0x0002e178                pscan_main
 .text.kw_lookup
                0x0002e480       0x78 networking/lib.a(route.o)
 .text.set_flags
                0x0002e4f8       0x54 networking/lib.a(route.o)
 .text.bb_displayroutes
                0x0002e54c      0x1ec networking/lib.a(route.o)
                0x0002e54c                bb_displayroutes
 .text.route_main
                0x0002e738      0x9a8 networking/lib.a(route.o)
                0x0002e738                route_main
 .text.set_termios_state_or_warn
                0x0002f0e0       0x3c networking/lib.a(slattach.o)
 .text.restore_state_and_exit
                0x0002f11c       0x8c networking/lib.a(slattach.o)
 .text.sig_handler
                0x0002f1a8        0xc networking/lib.a(slattach.o)
 .text.slattach_main
                0x0002f1b4      0x2d4 networking/lib.a(slattach.o)
                0x0002f1b4                slattach_main
 .text.xsetenv_plain
                0x0002f488       0x34 networking/lib.a(tcpudp.o)
 .text.xsetenv_proto
                0x0002f4bc       0x3c networking/lib.a(tcpudp.o)
 .text.sig_term_handler
                0x0002f4f8       0x30 networking/lib.a(tcpudp.o)
 .text.connection_status
                0x0002f528       0x28 networking/lib.a(tcpudp.o)
 .text.sig_child_handler
                0x0002f550       0xb4 networking/lib.a(tcpudp.o)
 .text.tcpudpsvd_main
                0x0002f604      0x868 networking/lib.a(tcpudp.o)
                0x0002f604                tcpudpsvd_main
 .text.ipsvd_perhost_init
                0x0002fe6c       0x2c networking/lib.a(tcpudp_perhost.o)
                0x0002fe6c                ipsvd_perhost_init
 .text.ipsvd_perhost_add
                0x0002fe98       0xa4 networking/lib.a(tcpudp_perhost.o)
                0x0002fe98                ipsvd_perhost_add
 .text.ipsvd_perhost_remove
                0x0002ff3c       0x70 networking/lib.a(tcpudp_perhost.o)
                0x0002ff3c                ipsvd_perhost_remove
 .text.iacflush
                0x0002ffac       0x28 networking/lib.a(telnet.o)
 .text.putiac   0x0002ffd4       0x20 networking/lib.a(telnet.o)
 .text.putiac2  0x0002fff4       0x40 networking/lib.a(telnet.o)
 .text.rawmode  0x00030034       0x24 networking/lib.a(telnet.o)
 .text.cookmode
                0x00030058       0x24 networking/lib.a(telnet.o)
 .text.setConMode
                0x0003007c       0x70 networking/lib.a(telnet.o)
 .text.doexit   0x000300ec       0x10 networking/lib.a(telnet.o)
 .text.conescape
                0x000300fc      0x154 networking/lib.a(telnet.o)
 .text.telnet_main
                0x00030250      0x6e4 networking/lib.a(telnet.o)
                0x00030250                telnet_main
 .text.make_new_session
                0x00030934      0x1e8 networking/lib.a(telnetd.o)
 .text.free_session
                0x00030b1c       0xbc networking/lib.a(telnetd.o)
 .text.handle_sigchld
                0x00030bd8       0x44 networking/lib.a(telnetd.o)
 .text.telnetd_main
                0x00030c1c      0x724 networking/lib.a(telnetd.o)
                0x00030c1c                telnetd_main
 .text.tftp_blksize_check
                0x00031340       0x6c networking/lib.a(tftp.o)
 .text.tftp_get_option
                0x000313ac       0x94 networking/lib.a(tftp.o)
 .text.tftp_protocol
                0x00031440      0x6f8 networking/lib.a(tftp.o)
 .text.tftp_main
                0x00031b38      0x134 networking/lib.a(tftp.o)
                0x00031b38                tftp_main
 .text.tftpd_main
                0x00031c6c      0x2a8 networking/lib.a(tftp.o)
                0x00031c6c                tftpd_main
 .text.ifaddrlist
                0x00031f14      0x1a8 networking/lib.a(traceroute.o)
 .text.setsin   0x000320bc       0x30 networking/lib.a(traceroute.o)
 .text.in_cksum
                0x000320ec       0x58 networking/lib.a(traceroute.o)
 .text.gethostinfo
                0x00032144      0x100 networking/lib.a(traceroute.o)
 .text.freehostinfo
                0x00032244       0x24 networking/lib.a(traceroute.o)
 .text.traceroute_main
                0x00032268     0x10b0 networking/lib.a(traceroute.o)
                0x00032268                traceroute_main
 .text.xfind_str
                0x00033318       0x3c networking/lib.a(vconfig.o)
 .text.vconfig_main
                0x00033354      0x14c networking/lib.a(vconfig.o)
                0x00033354                vconfig_main
 .text.progressmeter
                0x000334a0      0x41c networking/lib.a(wget.o)
 .text.safe_fgets
                0x000338bc       0x60 networking/lib.a(wget.o)
 .text.base64enc_512
                0x0003391c       0x44 networking/lib.a(wget.o)
 .text.open_socket
                0x00033960       0x28 networking/lib.a(wget.o)
 .text.ftpcmd   0x00033988       0xb4 networking/lib.a(wget.o)
 .text.parse_url
                0x00033a3c      0x184 networking/lib.a(wget.o)
 .text.gethdr   0x00033bc0       0xf4 networking/lib.a(wget.o)
 .text.wget_main
                0x00033cb4      0xb44 networking/lib.a(wget.o)
                0x00033cb4                wget_main
 .text.pick     0x000347f8       0x40 networking/lib.a(zcip.o)
 .text.arp      0x00034838       0xf4 networking/lib.a(zcip.o)
 .text.run      0x0003492c       0xac networking/lib.a(zcip.o)
 .text.zcip_main
                0x000349d8      0x5b0 networking/lib.a(zcip.o)
                0x000349d8                zcip_main
 .text.isrv_want_rd
                0x00034f88       0x20 networking/lib.a(isrv.o)
                0x00034f88                isrv_want_rd
 .text.isrv_dont_want_rd
                0x00034fa8       0x20 networking/lib.a(isrv.o)
                0x00034fa8                isrv_dont_want_rd
 .text.isrv_dont_want_wr
                0x00034fc8       0x34 networking/lib.a(isrv.o)
                0x00034fc8                isrv_dont_want_wr
 .text.isrv_register_fd
                0x00034ffc       0x88 networking/lib.a(isrv.o)
                0x00034ffc                isrv_register_fd
 .text.isrv_close_fd
                0x00035084       0x9c networking/lib.a(isrv.o)
                0x00035084                isrv_close_fd
 .text.isrv_register_peer
                0x00035120       0x68 networking/lib.a(isrv.o)
                0x00035120                isrv_register_peer
 .text.remove_peer
                0x00035188       0xf4 networking/lib.a(isrv.o)
 .text.handle_fd_set
                0x0003527c      0x170 networking/lib.a(isrv.o)
 .text.isrv_run
                0x000353ec      0x1f0 networking/lib.a(isrv.o)
                0x000353ec                isrv_run
 .text.ip_parse_common_args
                0x000355dc       0xfc networking/libiproute/lib.a(ip_parse_common_args.o)
                0x000355dc                ip_parse_common_args
 .text.flush_update
                0x000356d8       0x44 networking/libiproute/lib.a(ipaddress.o)
 .text.print_addrinfo
                0x0003571c      0x5d4 networking/libiproute/lib.a(ipaddress.o)
 .text.store_nlmsg
                0x00035cf0       0x70 networking/libiproute/lib.a(ipaddress.o)
 .text.ipaddr_list_or_flush
                0x00035d60      0x980 networking/libiproute/lib.a(ipaddress.o)
                0x00035d60                ipaddr_list_or_flush
 .text.ipaddr_modify
                0x000366e0      0x554 networking/libiproute/lib.a(ipaddress.o)
 .text.do_ipaddr
                0x00036c34       0x84 networking/libiproute/lib.a(ipaddress.o)
                0x00036c34                do_ipaddr
 .text.get_ctl_fd
                0x00036cb8       0x50 networking/libiproute/lib.a(iplink.o)
 .text.parse_address
                0x00036d08       0x84 networking/libiproute/lib.a(iplink.o)
 .text.set_address
                0x00036d8c       0x50 networking/libiproute/lib.a(iplink.o)
 .text.die_must_be_on_off
                0x00036ddc       0x10 networking/libiproute/lib.a(iplink.o)
 .text.ipaddr_list_link
                0x00036dec       0x18 networking/libiproute/lib.a(iplink.o)
 .text.do_iplink
                0x00036e04      0x494 networking/libiproute/lib.a(iplink.o)
                0x00036e04                do_iplink
 .text.flush_update
                0x00037298       0x44 networking/libiproute/lib.a(iproute.o)
 .text.print_route
                0x000372dc      0x7ec networking/libiproute/lib.a(iproute.o)
 .text.iproute_reset_filter
                0x00037ac8       0x34 networking/libiproute/lib.a(iproute.o)
 .text.iproute_list_or_flush
                0x00037afc      0x550 networking/libiproute/lib.a(iproute.o)
 .text.do_iproute
                0x0003804c      0x974 networking/libiproute/lib.a(iproute.o)
                0x0003804c                do_iproute
 .text.print_rule
                0x000389c0      0x36c networking/libiproute/lib.a(iprule.o)
 .text.iprule_list
                0x00038d2c       0x7c networking/libiproute/lib.a(iprule.o)
 .text.do_iprule
                0x00038da8      0x45c networking/libiproute/lib.a(iprule.o)
                0x00038da8                do_iprule
 .text.do_get_ioctl
                0x00039204       0x64 networking/libiproute/lib.a(iptunnel.o)
 .text.do_add_ioctl
                0x00039268       0x94 networking/libiproute/lib.a(iptunnel.o)
 .text.do_del_ioctl
                0x000392fc       0x74 networking/libiproute/lib.a(iptunnel.o)
 .text.parse_args
                0x00039370      0x77c networking/libiproute/lib.a(iptunnel.o)
 .text.do_add   0x00039aec       0xa8 networking/libiproute/lib.a(iptunnel.o)
 .text.print_tunnel
                0x00039b94      0x2fc networking/libiproute/lib.a(iptunnel.o)
 .text.do_iptunnel
                0x00039e90      0x42c networking/libiproute/lib.a(iptunnel.o)
                0x00039e90                do_iptunnel
 .text.xrtnl_open
                0x0003a2bc       0xcc networking/libiproute/lib.a(libnetlink.o)
                0x0003a2bc                xrtnl_open
 .text.xrtnl_wilddump_request
                0x0003a388       0x9c networking/libiproute/lib.a(libnetlink.o)
                0x0003a388                xrtnl_wilddump_request
 .text.rtnl_send
                0x0003a424       0x5c networking/libiproute/lib.a(libnetlink.o)
                0x0003a424                rtnl_send
 .text.xrtnl_dump_filter
                0x0003a480      0x214 networking/libiproute/lib.a(libnetlink.o)
                0x0003a480                xrtnl_dump_filter
 .text.rtnl_talk
                0x0003a694      0x2bc networking/libiproute/lib.a(libnetlink.o)
                0x0003a694                rtnl_talk
 .text.addattr32
                0x0003a950       0x6c networking/libiproute/lib.a(libnetlink.o)
                0x0003a950                addattr32
 .text.addattr_l
                0x0003a9bc       0x7c networking/libiproute/lib.a(libnetlink.o)
                0x0003a9bc                addattr_l
 .text.rta_addattr32
                0x0003aa38       0x7c networking/libiproute/lib.a(libnetlink.o)
                0x0003aa38                rta_addattr32
 .text.parse_rtattr
                0x0003aab4       0x88 networking/libiproute/lib.a(libnetlink.o)
                0x0003aab4                parse_rtattr
 .text.ll_addr_n2a
                0x0003ab3c       0xc8 networking/libiproute/lib.a(ll_addr.o)
                0x0003ab3c                ll_addr_n2a
 .text.ll_addr_a2n
                0x0003ac04       0xe4 networking/libiproute/lib.a(ll_addr.o)
                0x0003ac04                ll_addr_a2n
 .text.find_by_index
                0x0003ace8       0x38 networking/libiproute/lib.a(ll_map.o)
 .text.ll_remember_index
                0x0003ad20      0x13c networking/libiproute/lib.a(ll_map.o)
                0x0003ad20                ll_remember_index
 .text.ll_idx_n2a
                0x0003ae5c       0x4c networking/libiproute/lib.a(ll_map.o)
                0x0003ae5c                ll_idx_n2a
 .text.ll_index_to_name
                0x0003aea8        0xc networking/libiproute/lib.a(ll_map.o)
                0x0003aea8                ll_index_to_name
 .text.ll_index_to_flags
                0x0003aeb4       0x24 networking/libiproute/lib.a(ll_map.o)
                0x0003aeb4                ll_index_to_flags
 .text.xll_name_to_index
                0x0003aed8       0x88 networking/libiproute/lib.a(ll_map.o)
                0x0003aed8                xll_name_to_index
 .text.ll_init_map
                0x0003af60       0x34 networking/libiproute/lib.a(ll_map.o)
                0x0003af60                ll_init_map
 .text.ll_type_n2a
                0x0003af94       0x7c networking/libiproute/lib.a(ll_types.o)
                0x0003af94                ll_type_n2a
 .text.rtnl_tab_initialize
                0x0003b010       0x98 networking/libiproute/lib.a(rt_names.o)
 .text.rtnl_rtprot_initialize
                0x0003b0a8       0x6c networking/libiproute/lib.a(rt_names.o)
 .text.rtnl_rtprot_a2n
                0x0003b114       0xd8 networking/libiproute/lib.a(rt_names.o)
                0x0003b114                rtnl_rtprot_a2n
 .text.rtnl_rtscope_initialize
                0x0003b1ec       0x78 networking/libiproute/lib.a(rt_names.o)
 .text.rtnl_rtscope_n2a
                0x0003b264       0x6c networking/libiproute/lib.a(rt_names.o)
                0x0003b264                rtnl_rtscope_n2a
 .text.rtnl_rtscope_a2n
                0x0003b2d0       0xd8 networking/libiproute/lib.a(rt_names.o)
                0x0003b2d0                rtnl_rtscope_a2n
 .text.rtnl_rtrealm_initialize
                0x0003b3a8       0x48 networking/libiproute/lib.a(rt_names.o)
 .text.rtnl_rtrealm_a2n
                0x0003b3f0       0xd8 networking/libiproute/lib.a(rt_names.o)
                0x0003b3f0                rtnl_rtrealm_a2n
 .text.rtnl_rtrealm_n2a
                0x0003b4c8       0x6c networking/libiproute/lib.a(rt_names.o)
                0x0003b4c8                rtnl_rtrealm_n2a
 .text.rtnl_rtdsfield_initialize